Archive member included to satisfy reference by file (symbol)

C:/ST/STM32CubeIDE_1.17.0/STM32CubeIDE/plugins/com.st.stm32cube.ide.mcu.externaltools.gnu-tools-for-stm32.12.3.rel1.win32_1.1.0.202410251130/tools/bin/../lib/gcc/arm-none-eabi/12.3.1/../../../../arm-none-eabi/lib/thumb/v6-m/nofp\libc.a(libc_a-atof.o)
                              BOS\BOS_CLI.o (atof)
C:/ST/STM32CubeIDE_1.17.0/STM32CubeIDE/plugins/com.st.stm32cube.ide.mcu.externaltools.gnu-tools-for-stm32.12.3.rel1.win32_1.1.0.202410251130/tools/bin/../lib/gcc/arm-none-eabi/12.3.1/../../../../arm-none-eabi/lib/thumb/v6-m/nofp\libc.a(libc_a-atoi.o)
                              BOS\BOS_CLI.o (atoi)
C:/ST/STM32CubeIDE_1.17.0/STM32CubeIDE/plugins/com.st.stm32cube.ide.mcu.externaltools.gnu-tools-for-stm32.12.3.rel1.win32_1.1.0.202410251130/tools/bin/../lib/gcc/arm-none-eabi/12.3.1/../../../../arm-none-eabi/lib/thumb/v6-m/nofp\libc.a(libc_a-atol.o)
                              BOS\BOS.o (atol)
C:/ST/STM32CubeIDE_1.17.0/STM32CubeIDE/plugins/com.st.stm32cube.ide.mcu.externaltools.gnu-tools-for-stm32.12.3.rel1.win32_1.1.0.202410251130/tools/bin/../lib/gcc/arm-none-eabi/12.3.1/../../../../arm-none-eabi/lib/thumb/v6-m/nofp\libc.a(libc_a-exit.o)
                              C:/ST/STM32CubeIDE_1.17.0/STM32CubeIDE/plugins/com.st.stm32cube.ide.mcu.externaltools.gnu-tools-for-stm32.12.3.rel1.win32_1.1.0.202410251130/tools/bin/../lib/gcc/arm-none-eabi/12.3.1/../../../../arm-none-eabi/lib/thumb/v6-m/nofp/crt0.o (exit)
C:/ST/STM32CubeIDE_1.17.0/STM32CubeIDE/plugins/com.st.stm32cube.ide.mcu.externaltools.gnu-tools-for-stm32.12.3.rel1.win32_1.1.0.202410251130/tools/bin/../lib/gcc/arm-none-eabi/12.3.1/../../../../arm-none-eabi/lib/thumb/v6-m/nofp\libc.a(libc_a-malloc.o)
                              BOS\BOS.o (malloc)
C:/ST/STM32CubeIDE_1.17.0/STM32CubeIDE/plugins/com.st.stm32cube.ide.mcu.externaltools.gnu-tools-for-stm32.12.3.rel1.win32_1.1.0.202410251130/tools/bin/../lib/gcc/arm-none-eabi/12.3.1/../../../../arm-none-eabi/lib/thumb/v6-m/nofp\libc.a(libc_a-mallocr.o)
                              C:/ST/STM32CubeIDE_1.17.0/STM32CubeIDE/plugins/com.st.stm32cube.ide.mcu.externaltools.gnu-tools-for-stm32.12.3.rel1.win32_1.1.0.202410251130/tools/bin/../lib/gcc/arm-none-eabi/12.3.1/../../../../arm-none-eabi/lib/thumb/v6-m/nofp\libc.a(libc_a-malloc.o) (_malloc_r)
C:/ST/STM32CubeIDE_1.17.0/STM32CubeIDE/plugins/com.st.stm32cube.ide.mcu.externaltools.gnu-tools-for-stm32.12.3.rel1.win32_1.1.0.202410251130/tools/bin/../lib/gcc/arm-none-eabi/12.3.1/../../../../arm-none-eabi/lib/thumb/v6-m/nofp\libc.a(libc_a-mlock.o)
                              C:/ST/STM32CubeIDE_1.17.0/STM32CubeIDE/plugins/com.st.stm32cube.ide.mcu.externaltools.gnu-tools-for-stm32.12.3.rel1.win32_1.1.0.202410251130/tools/bin/../lib/gcc/arm-none-eabi/12.3.1/../../../../arm-none-eabi/lib/thumb/v6-m/nofp\libc.a(libc_a-mallocr.o) (__malloc_lock)
C:/ST/STM32CubeIDE_1.17.0/STM32CubeIDE/plugins/com.st.stm32cube.ide.mcu.externaltools.gnu-tools-for-stm32.12.3.rel1.win32_1.1.0.202410251130/tools/bin/../lib/gcc/arm-none-eabi/12.3.1/../../../../arm-none-eabi/lib/thumb/v6-m/nofp\libc.a(libc_a-rand.o)
                              BOS\BOS_CLIcommands.o (rand)
C:/ST/STM32CubeIDE_1.17.0/STM32CubeIDE/plugins/com.st.stm32cube.ide.mcu.externaltools.gnu-tools-for-stm32.12.3.rel1.win32_1.1.0.202410251130/tools/bin/../lib/gcc/arm-none-eabi/12.3.1/../../../../arm-none-eabi/lib/thumb/v6-m/nofp\libc.a(libc_a-realloc.o)
                              BOS\BOS_CLI.o (realloc)
C:/ST/STM32CubeIDE_1.17.0/STM32CubeIDE/plugins/com.st.stm32cube.ide.mcu.externaltools.gnu-tools-for-stm32.12.3.rel1.win32_1.1.0.202410251130/tools/bin/../lib/gcc/arm-none-eabi/12.3.1/../../../../arm-none-eabi/lib/thumb/v6-m/nofp\libc.a(libc_a-reallocr.o)
                              C:/ST/STM32CubeIDE_1.17.0/STM32CubeIDE/plugins/com.st.stm32cube.ide.mcu.externaltools.gnu-tools-for-stm32.12.3.rel1.win32_1.1.0.202410251130/tools/bin/../lib/gcc/arm-none-eabi/12.3.1/../../../../arm-none-eabi/lib/thumb/v6-m/nofp\libc.a(libc_a-realloc.o) (_realloc_r)
C:/ST/STM32CubeIDE_1.17.0/STM32CubeIDE/plugins/com.st.stm32cube.ide.mcu.externaltools.gnu-tools-for-stm32.12.3.rel1.win32_1.1.0.202410251130/tools/bin/../lib/gcc/arm-none-eabi/12.3.1/../../../../arm-none-eabi/lib/thumb/v6-m/nofp\libc.a(libc_a-strtod.o)
                              C:/ST/STM32CubeIDE_1.17.0/STM32CubeIDE/plugins/com.st.stm32cube.ide.mcu.externaltools.gnu-tools-for-stm32.12.3.rel1.win32_1.1.0.202410251130/tools/bin/../lib/gcc/arm-none-eabi/12.3.1/../../../../arm-none-eabi/lib/thumb/v6-m/nofp\libc.a(libc_a-atof.o) (strtod)
C:/ST/STM32CubeIDE_1.17.0/STM32CubeIDE/plugins/com.st.stm32cube.ide.mcu.externaltools.gnu-tools-for-stm32.12.3.rel1.win32_1.1.0.202410251130/tools/bin/../lib/gcc/arm-none-eabi/12.3.1/../../../../arm-none-eabi/lib/thumb/v6-m/nofp\libc.a(libc_a-strtol.o)
[...]
Memory Configuration

Name             Origin             Length             Attributes
RAM              0x20000000         0x00024000         xrw
FLASH            0x08000000         0x00080000         xr
*default*        0x00000000         0xffffffff

Linker script and memory map

LOAD C:/ST/STM32CubeIDE_1.17.0/STM32CubeIDE/plugins/com.st.stm32cube.ide.mcu.externaltools.gnu-tools-for-stm32.12.3.rel1.win32_1.1.0.202410251130/tools/bin/../lib/gcc/arm-none-eabi/12.3.1/thumb/v6-m/nofp/crti.o
LOAD C:/ST/STM32CubeIDE_1.17.0/STM32CubeIDE/plugins/com.st.stm32cube.ide.mcu.externaltools.gnu-tools-for-stm32.12.3.rel1.win32_1.1.0.202410251130/tools/bin/../lib/gcc/arm-none-eabi/12.3.1/thumb/v6-m/nofp/crtbegin.o
LOAD C:/ST/STM32CubeIDE_1.17.0/STM32CubeIDE/plugins/com.st.stm32cube.ide.mcu.externaltools.gnu-tools-for-stm32.12.3.rel1.win32_1.1.0.202410251130/tools/bin/../lib/gcc/arm-none-eabi/12.3.1/../../../../arm-none-eabi/lib/thumb/v6-m/nofp/crt0.o
LOAD BOS\BOS.o
LOAD BOS\BOS_CLI.o
LOAD BOS\BOS_CLIcommands.o
LOAD BOS\BOS_dma.o
LOAD BOS\BOS_freertos.o
LOAD BOS\BOS_messaging.o
LOAD BOS\BOS_msgparser.o
LOAD H3BR6\H3BR6.o
LOAD H3BR6\H3BR6_dma.o
LOAD H3BR6\H3BR6_eeprom.o
LOAD H3BR6\H3BR6_gpio.o
LOAD H3BR6\H3BR6_inputs.o
LOAD H3BR6\H3BR6_it.o
LOAD H3BR6\H3BR6_rtc.o
LOAD H3BR6\H3BR6_timers.o
LOAD H3BR6\H3BR6_uart.o
LOAD H3BR6\startup_stm32g0b1ceuxn.o
LOAD Thirdparty\CMSIS\STM32G0xx\Device\ST\STM32G0xx\Source\Templates\system_stm32g0xx.o
LOAD Thirdparty\EEPROM_Emul\Core\eeprom_emul.o
LOAD Thirdparty\EEPROM_Emul\Porting\STM32G0\flash_interface.o
LOAD Thirdparty\Middleware\STM32G0xx\FreeRTOS\Source\CMSIS_RTOS\cmsis_os.o
LOAD Thirdparty\Middleware\STM32G0xx\FreeRTOS\Source\FreeRTOS_CLI.o
LOAD Thirdparty\Middleware\STM32G0xx\FreeRTOS\Source\croutine.o
LOAD Thirdparty\Middleware\STM32G0xx\FreeRTOS\Source\event_groups.o
LOAD Thirdparty\Middleware\STM32G0xx\FreeRTOS\Source\list.o
LOAD Thirdparty\Middleware\STM32G0xx\FreeRTOS\Source\portable\GCC\ARM_CM0\port.o
LOAD Thirdparty\Middleware\STM32G0xx\FreeRTOS\Source\portable\MemMang\heap_4.o
LOAD Thirdparty\Middleware\STM32G0xx\FreeRTOS\Source\queue.o
LOAD Thirdparty\Middleware\STM32G0xx\FreeRTOS\Source\stream_buffer.o
LOAD Thirdparty\Middleware\STM32G0xx\FreeRTOS\Source\tasks.o
LOAD Thirdparty\Middleware\STM32G0xx\FreeRTOS\Source\timers.o
LOAD Thirdparty\STM32G0xx_HAL_Driver\Src\stm32g0xx_hal.o
LOAD Thirdparty\STM32G0xx_HAL_Driver\Src\stm32g0xx_hal_adc.o
LOAD Thirdparty\STM32G0xx_HAL_Driver\Src\stm32g0xx_hal_adc_ex.o
LOAD Thirdparty\STM32G0xx_HAL_Driver\Src\stm32g0xx_hal_cec.o
LOAD Thirdparty\STM32G0xx_HAL_Driver\Src\stm32g0xx_hal_comp.o
LOAD Thirdparty\STM32G0xx_HAL_Driver\Src\stm32g0xx_hal_cortex.o
LOAD Thirdparty\STM32G0xx_HAL_Driver\Src\stm32g0xx_hal_crc.o
LOAD Thirdparty\STM32G0xx_HAL_Driver\Src\stm32g0xx_hal_crc_ex.o
LOAD Thirdparty\STM32G0xx_HAL_Driver\Src\stm32g0xx_hal_cryp.o
LOAD Thirdparty\STM32G0xx_HAL_Driver\Src\stm32g0xx_hal_cryp_ex.o
LOAD Thirdparty\STM32G0xx_HAL_Driver\Src\stm32g0xx_hal_dac.o
LOAD Thirdparty\STM32G0xx_HAL_Driver\Src\stm32g0xx_hal_dac_ex.o
LOAD Thirdparty\STM32G0xx_HAL_Driver\Src\stm32g0xx_hal_dma.o
LOAD Thirdparty\STM32G0xx_HAL_Driver\Src\stm32g0xx_hal_dma_ex.o
LOAD Thirdparty\STM32G0xx_HAL_Driver\Src\stm32g0xx_hal_exti.o
LOAD Thirdparty\STM32G0xx_HAL_Driver\Src\stm32g0xx_hal_fdcan.o
LOAD Thirdparty\STM32G0xx_HAL_Driver\Src\stm32g0xx_hal_flash.o
LOAD Thirdparty\STM32G0xx_HAL_Driver\Src\stm32g0xx_hal_flash_ex.o
LOAD Thirdparty\STM32G0xx_HAL_Driver\Src\stm32g0xx_hal_gpio.o
LOAD Thirdparty\STM32G0xx_HAL_Driver\Src\stm32g0xx_hal_hcd.o
LOAD Thirdparty\STM32G0xx_HAL_Driver\Src\stm32g0xx_hal_i2c.o
LOAD Thirdparty\STM32G0xx_HAL_Driver\Src\stm32g0xx_hal_i2c_ex.o
LOAD Thirdparty\STM32G0xx_HAL_Driver\Src\stm32g0xx_hal_i2s.o
LOAD Thirdparty\STM32G0xx_HAL_Driver\Src\stm32g0xx_hal_irda.o
LOAD Thirdparty\STM32G0xx_HAL_Driver\Src\stm32g0xx_hal_iwdg.o
LOAD Thirdparty\STM32G0xx_HAL_Driver\Src\stm32g0xx_hal_lptim.o
LOAD Thirdparty\STM32G0xx_HAL_Driver\Src\stm32g0xx_hal_msp_template.o
LOAD Thirdparty\STM32G0xx_HAL_Driver\Src\stm32g0xx_hal_pcd.o
LOAD Thirdparty\STM32G0xx_HAL_Driver\Src\stm32g0xx_hal_pcd_ex.o
LOAD Thirdparty\STM32G0xx_HAL_Driver\Src\stm32g0xx_hal_pwr.o
LOAD Thirdparty\STM32G0xx_HAL_Driver\Src\stm32g0xx_hal_pwr_ex.o
LOAD Thirdparty\STM32G0xx_HAL_Driver\Src\stm32g0xx_hal_rcc.o
LOAD Thirdparty\STM32G0xx_HAL_Driver\Src\stm32g0xx_hal_rcc_ex.o
LOAD Thirdparty\STM32G0xx_HAL_Driver\Src\stm32g0xx_hal_rng.o
LOAD Thirdparty\STM32G0xx_HAL_Driver\Src\stm32g0xx_hal_rtc.o
LOAD Thirdparty\STM32G0xx_HAL_Driver\Src\stm32g0xx_hal_rtc_ex.o
LOAD Thirdparty\STM32G0xx_HAL_Driver\Src\stm32g0xx_hal_smartcard.o
LOAD Thirdparty\STM32G0xx_HAL_Driver\Src\stm32g0xx_hal_smartcard_ex.o
LOAD Thirdparty\STM32G0xx_HAL_Driver\Src\stm32g0xx_hal_smbus.o
LOAD Thirdparty\STM32G0xx_HAL_Driver\Src\stm32g0xx_hal_smbus_ex.o
LOAD Thirdparty\STM32G0xx_HAL_Driver\Src\stm32g0xx_hal_spi.o
LOAD Thirdparty\STM32G0xx_HAL_Driver\Src\stm32g0xx_hal_spi_ex.o
LOAD Thirdparty\STM32G0xx_HAL_Driver\Src\stm32g0xx_hal_tim.o
LOAD Thirdparty\STM32G0xx_HAL_Driver\Src\stm32g0xx_hal_tim_ex.o
LOAD Thirdparty\STM32G0xx_HAL_Driver\Src\stm32g0xx_hal_uart.o
LOAD Thirdparty\STM32G0xx_HAL_Driver\Src\stm32g0xx_hal_uart_ex.o
LOAD Thirdparty\STM32G0xx_HAL_Driver\Src\stm32g0xx_hal_usart.o
LOAD Thirdparty\STM32G0xx_HAL_Driver\Src\stm32g0xx_hal_usart_ex.o
LOAD Thirdparty\STM32G0xx_HAL_Driver\Src\stm32g0xx_hal_wwdg.o
LOAD Thirdparty\STM32G0xx_HAL_Driver\Src\stm32g0xx_ll_adc.o
LOAD Thirdparty\STM32G0xx_HAL_Driver\Src\stm32g0xx_ll_comp.o
LOAD Thirdparty\STM32G0xx_HAL_Driver\Src\stm32g0xx_ll_crc.o
LOAD Thirdparty\STM32G0xx_HAL_Driver\Src\stm32g0xx_ll_crs.o
LOAD Thirdparty\STM32G0xx_HAL_Driver\Src\stm32g0xx_ll_dac.o
LOAD Thirdparty\STM32G0xx_HAL_Driver\Src\stm32g0xx_ll_dma.o
LOAD Thirdparty\STM32G0xx_HAL_Driver\Src\stm32g0xx_ll_exti.o
LOAD Thirdparty\STM32G0xx_HAL_Driver\Src\stm32g0xx_ll_gpio.o
LOAD Thirdparty\STM32G0xx_HAL_Driver\Src\stm32g0xx_ll_i2c.o
LOAD Thirdparty\STM32G0xx_HAL_Driver\Src\stm32g0xx_ll_lptim.o
LOAD Thirdparty\STM32G0xx_HAL_Driver\Src\stm32g0xx_ll_lpuart.o
LOAD Thirdparty\STM32G0xx_HAL_Driver\Src\stm32g0xx_ll_pwr.o
LOAD Thirdparty\STM32G0xx_HAL_Driver\Src\stm32g0xx_ll_rcc.o
LOAD Thirdparty\STM32G0xx_HAL_Driver\Src\stm32g0xx_ll_rng.o
LOAD Thirdparty\STM32G0xx_HAL_Driver\Src\stm32g0xx_ll_rtc.o
LOAD Thirdparty\STM32G0xx_HAL_Driver\Src\stm32g0xx_ll_spi.o
LOAD Thirdparty\STM32G0xx_HAL_Driver\Src\stm32g0xx_ll_tim.o
LOAD Thirdparty\STM32G0xx_HAL_Driver\Src\stm32g0xx_ll_ucpd.o
LOAD Thirdparty\STM32G0xx_HAL_Driver\Src\stm32g0xx_ll_usart.o
LOAD Thirdparty\STM32G0xx_HAL_Driver\Src\stm32g0xx_ll_usb.o
LOAD Thirdparty\STM32G0xx_HAL_Driver\Src\stm32g0xx_ll_utils.o
LOAD User\main.o
LOAD syscalls.o
START GROUP
LOAD C:/ST/STM32CubeIDE_1.17.0/STM32CubeIDE/plugins/com.st.stm32cube.ide.mcu.externaltools.gnu-tools-for-stm32.12.3.rel1.win32_1.1.0.202410251130/tools/bin/../lib/gcc/arm-none-eabi/12.3.1/../../../../arm-none-eabi/lib/thumb/v6-m/nofp\libc.a
LOAD C:/ST/STM32CubeIDE_1.17.0/STM32CubeIDE/plugins/com.st.stm32cube.ide.mcu.externaltools.gnu-tools-for-stm32.12.3.rel1.win32_1.1.0.202410251130/tools/bin/../lib/gcc/arm-none-eabi/12.3.1/../../../../arm-none-eabi/lib/thumb/v6-m/nofp\libm.a
END GROUP
START GROUP
LOAD C:/ST/STM32CubeIDE_1.17.0/STM32CubeIDE/plugins/com.st.stm32cube.ide.mcu.externaltools.gnu-tools-for-stm32.12.3.rel1.win32_1.1.0.202410251130/tools/bin/../lib/gcc/arm-none-eabi/12.3.1/thumb/v6-m/nofp\libgcc.a
LOAD C:/ST/STM32CubeIDE_1.17.0/STM32CubeIDE/plugins/com.st.stm32cube.ide.mcu.externaltools.gnu-tools-for-stm32.12.3.rel1.win32_1.1.0.202410251130/tools/bin/../lib/gcc/arm-none-eabi/12.3.1/../../../../arm-none-eabi/lib/thumb/v6-m/nofp\libc.a
END GROUP
START GROUP
LOAD C:/ST/STM32CubeIDE_1.17.0/STM32CubeIDE/plugins/com.st.stm32cube.ide.mcu.externaltools.gnu-tools-for-stm32.12.3.rel1.win32_1.1.0.202410251130/tools/bin/../lib/gcc/arm-none-eabi/12.3.1/thumb/v6-m/nofp\libgcc.a
LOAD C:/ST/STM32CubeIDE_1.17.0/STM32CubeIDE/plugins/com.st.stm32cube.ide.mcu.externaltools.gnu-tools-for-stm32.12.3.rel1.win32_1.1.0.202410251130/tools/bin/../lib/gcc/arm-none-eabi/12.3.1/../../../../arm-none-eabi/lib/thumb/v6-m/nofp\libc.a
LOAD C:/ST/STM32CubeIDE_1.17.0/STM32CubeIDE/plugins/com.st.stm32cube.ide.mcu.externaltools.gnu-tools-for-stm32.12.3.rel1.win32_1.1.0.202410251130/tools/bin/../lib/gcc/arm-none-eabi/12.3.1/../../../../arm-none-eabi/lib/thumb/v6-m/nofp\libnosys.a
END GROUP
LOAD C:/ST/STM32CubeIDE_1.17.0/STM32CubeIDE/plugins/com.st.stm32cube.ide.mcu.externaltools.gnu-tools-for-stm32.12.3.rel1.win32_1.1.0.202410251130/tools/bin/../lib/gcc/arm-none-eabi/12.3.1/thumb/v6-m/nofp/crtend.o
LOAD C:/ST/STM32CubeIDE_1.17.0/STM32CubeIDE/plugins/com.st.stm32cube.ide.mcu.externaltools.gnu-tools-for-stm32.12.3.rel1.win32_1.1.0.202410251130/tools/bin/../lib/gcc/arm-none-eabi/12.3.1/thumb/v6-m/nofp/crtn.o
                0x20024000                        _estack = (ORIGIN (RAM) + LENGTH (RAM))
                0x00000200                        _Min_Heap_Size = 0x200
                0x00000400                        _Min_Stack_Size = 0x400

.isr_vector     0x08000000       0xbc
                0x08000000                        . = ALIGN (0x4)
 *(.isr_vector)
 .isr_vector    0x08000000       0xbc H3BR6\startup_stm32g0b1ceuxn.o
                0x08000000                g_pfnVectors
                0x080000bc                        . = ALIGN (0x4)

.text           0x080000c0    0x2a638
                0x080000c0                        . = ALIGN (0x4)
 *(.text)
 .text          0x080000c0       0x48 C:/ST/STM32CubeIDE_1.17.0/STM32CubeIDE/plugins/com.st.stm32cube.ide.mcu.externaltools.gnu-tools-for-stm32.12.3.rel1.win32_1.1.0.202410251130/tools/bin/../lib/gcc/arm-none-eabi/12.3.1/thumb/v6-m/nofp/crtbegin.o
 .text          0x08000108       0x14 C:/ST/STM32CubeIDE_1.17.0/STM32CubeIDE/plugins/com.st.stm32cube.ide.mcu.externaltools.gnu-tools-for-stm32.12.3.rel1.win32_1.1.0.202410251130/tools/bin/../lib/gcc/arm-none-eabi/12.3.1/../../../../arm-none-eabi/lib/thumb/v6-m/nofp\libc.a(libc_a-strcmp.o)
                0x08000108                strcmp
 .text          0x0800011c        0xe C:/ST/STM32CubeIDE_1.17.0/STM32CubeIDE/plugins/com.st.stm32cube.ide.mcu.externaltools.gnu-tools-for-stm32.12.3.rel1.win32_1.1.0.202410251130/tools/bin/../lib/gcc/arm-none-eabi/12.3.1/../../../../arm-none-eabi/lib/thumb/v6-m/nofp\libc.a(libc_a-strlen.o)
                0x0800011c                strlen
 *fill*         0x0800012a        0x2 
 .text          0x0800012c       0x14 C:/ST/STM32CubeIDE_1.17.0/STM32CubeIDE/plugins/com.st.stm32cube.ide.mcu.externaltools.gnu-tools-for-stm32.12.3.rel1.win32_1.1.0.202410251130/tools/bin/../lib/gcc/arm-none-eabi/12.3.1/thumb/v6-m/nofp\libgcc.a(_thumb1_case_uqi.o)
                0x0800012c                __gnu_thumb1_case_uqi
 .text          0x08000140       0x14 C:/ST/STM32CubeIDE_1.17.0/STM32CubeIDE/plugins/com.st.stm32cube.ide.mcu.externaltools.gnu-tools-for-stm32.12.3.rel1.win32_1.1.0.202410251130/tools/bin/../lib/gcc/arm-none-eabi/12.3.1/thumb/v6-m/nofp\libgcc.a(_thumb1_case_uhi.o)
                0x08000140                __gnu_thumb1_case_uhi
 .text          0x08000154      0x114 C:/ST/STM32CubeIDE_1.17.0/STM32CubeIDE/plugins/com.st.stm32cube.ide.mcu.externaltools.gnu-tools-for-stm32.12.3.rel1.win32_1.1.0.202410251130/tools/bin/../lib/gcc/arm-none-eabi/12.3.1/thumb/v6-m/nofp\libgcc.a(_udivsi3.o)
                0x08000154                __aeabi_uidiv
                0x08000154                __udivsi3
                0x08000260                __aeabi_uidivmod
 .text          0x08000268      0x1d4 C:/ST/STM32CubeIDE_1.17.0/STM32CubeIDE/plugins/com.st.stm32cube.ide.mcu.externaltools.gnu-tools-for-stm32.12.3.rel1.win32_1.1.0.202410251130/tools/bin/../lib/gcc/arm-none-eabi/12.3.1/thumb/v6-m/nofp\libgcc.a(_divsi3.o)
                0x08000268                __divsi3
                0x08000268                __aeabi_idiv
                0x08000434                __aeabi_idivmod
 .text          0x0800043c        0x4 C:/ST/STM32CubeIDE_1.17.0/STM32CubeIDE/plugins/com.st.stm32cube.ide.mcu.externaltools.gnu-tools-for-stm32.12.3.rel1.win32_1.1.0.202410251130/tools/bin/../lib/gcc/arm-none-eabi/12.3.1/thumb/v6-m/nofp\libgcc.a(_dvmd_tls.o)
                0x0800043c                __aeabi_idiv0
                0x0800043c                __aeabi_ldiv0
 .text          0x08000440       0x7c C:/ST/STM32CubeIDE_1.17.0/STM32CubeIDE/plugins/com.st.stm32cube.ide.mcu.externaltools.gnu-tools-for-stm32.12.3.rel1.win32_1.1.0.202410251130/tools/bin/../lib/gcc/arm-none-eabi/12.3.1/thumb/v6-m/nofp\libgcc.a(_arm_cmpdf2.o)
                0x08000440                __aeabi_cdrcmple
                0x08000450                __aeabi_cdcmple
                0x08000450                __aeabi_cdcmpeq
                0x08000460                __aeabi_dcmpeq
                0x0800046c                __aeabi_dcmplt
                0x08000480                __aeabi_dcmple
                0x08000494                __aeabi_dcmpgt
                0x080004a8                __aeabi_dcmpge
 .text          0x080004bc       0x74 C:/ST/STM32CubeIDE_1.17.0/STM32CubeIDE/plugins/com.st.stm32cube.ide.mcu.externaltools.gnu-tools-for-stm32.12.3.rel1.win32_1.1.0.202410251130/tools/bin/../lib/gcc/arm-none-eabi/12.3.1/thumb/v6-m/nofp\libgcc.a(_arm_cmpsf2.o)
                0x080004bc                __aeabi_cfrcmple
                0x080004c4                __aeabi_cfcmpeq
                0x080004c4                __aeabi_cfcmple
                0x080004d4                __aeabi_fcmpeq
                0x080004e0                __aeabi_fcmplt
                0x080004f4                __aeabi_fcmple
                0x08000508                __aeabi_fcmpgt
                0x0800051c                __aeabi_fcmpge
 .text          0x08000530       0x14 C:/ST/STM32CubeIDE_1.17.0/STM32CubeIDE/plugins/com.st.stm32cube.ide.mcu.externaltools.gnu-tools-for-stm32.12.3.rel1.win32_1.1.0.202410251130/tools/bin/../lib/gcc/arm-none-eabi/12.3.1/thumb/v6-m/nofp\libgcc.a(_aeabi_ulcmp.o)
                0x08000530                __aeabi_ulcmp
 .text          0x08000544       0x40 C:/ST/STM32CubeIDE_1.17.0/STM32CubeIDE/plugins/com.st.stm32cube.ide.mcu.externaltools.gnu-tools-for-stm32.12.3.rel1.win32_1.1.0.202410251130/tools/bin/../lib/gcc/arm-none-eabi/12.3.1/thumb/v6-m/nofp\libgcc.a(_aeabi_uldivmod.o)
                0x08000544                __aeabi_uldivmod
 .text          0x08000584       0x5c C:/ST/STM32CubeIDE_1.17.0/STM32CubeIDE/plugins/com.st.stm32cube.ide.mcu.externaltools.gnu-tools-for-stm32.12.3.rel1.win32_1.1.0.202410251130/tools/bin/../lib/gcc/arm-none-eabi/12.3.1/thumb/v6-m/nofp\libgcc.a(_muldi3.o)
                0x08000584                __muldi3
                0x08000584                __aeabi_lmul
 .text          0x080005e0       0x30 C:/ST/STM32CubeIDE_1.17.0/STM32CubeIDE/plugins/com.st.stm32cube.ide.mcu.externaltools.gnu-tools-for-stm32.12.3.rel1.win32_1.1.0.202410251130/tools/bin/../lib/gcc/arm-none-eabi/12.3.1/thumb/v6-m/nofp\libgcc.a(_fixunssfsi.o)
                0x080005e0                __fixunssfsi
                0x080005e0                __aeabi_f2uiz
 .text          0x08000610       0x3c C:/ST/STM32CubeIDE_1.17.0/STM32CubeIDE/plugins/com.st.stm32cube.ide.mcu.externaltools.gnu-tools-for-stm32.12.3.rel1.win32_1.1.0.202410251130/tools/bin/../lib/gcc/arm-none-eabi/12.3.1/thumb/v6-m/nofp\libgcc.a(_fixunsdfsi.o)
                0x08000610                __aeabi_d2uiz
                0x08000610                __fixunsdfsi
 .text          0x0800064c       0x38 C:/ST/STM32CubeIDE_1.17.0/STM32CubeIDE/plugins/com.st.stm32cube.ide.mcu.externaltools.gnu-tools-for-stm32.12.3.rel1.win32_1.1.0.202410251130/tools/bin/../lib/gcc/arm-none-eabi/12.3.1/thumb/v6-m/nofp\libgcc.a(_fixdfdi.o)
                0x0800064c                __fixdfdi
                0x0800064c                __aeabi_d2lz
 .text          0x08000684       0x3c C:/ST/STM32CubeIDE_1.17.0/STM32CubeIDE/plugins/com.st.stm32cube.ide.mcu.externaltools.gnu-tools-for-stm32.12.3.rel1.win32_1.1.0.202410251130/tools/bin/../lib/gcc/arm-none-eabi/12.3.1/thumb/v6-m/nofp\libgcc.a(_fixunsdfdi.o)
                0x08000684                __fixunsdfdi
                0x08000684                __aeabi_d2ulz
 .text          0x080006c0       0x2c C:/ST/STM32CubeIDE_1.17.0/STM32CubeIDE/plugins/com.st.stm32cube.ide.mcu.externaltools.gnu-tools-for-stm32.12.3.rel1.win32_1.1.0.202410251130/tools/bin/../lib/gcc/arm-none-eabi/12.3.1/thumb/v6-m/nofp\libgcc.a(_floatdidf.o)
                0x080006c0                __aeabi_l2d
                0x080006c0                __floatdidf
 .text          0x080006ec      0x198 C:/ST/STM32CubeIDE_1.17.0/STM32CubeIDE/plugins/com.st.stm32cube.ide.mcu.externaltools.gnu-tools-for-stm32.12.3.rel1.win32_1.1.0.202410251130/tools/bin/../lib/gcc/arm-none-eabi/12.3.1/thumb/v6-m/nofp\libgcc.a(_udivmoddi4.o)
                0x080006ec                __udivmoddi4
 .text          0x08000884       0x50 C:/ST/STM32CubeIDE_1.17.0/STM32CubeIDE/plugins/com.st.stm32cube.ide.mcu.externaltools.gnu-tools-for-stm32.12.3.rel1.win32_1.1.0.202410251130/tools/bin/../lib/gcc/arm-none-eabi/12.3.1/thumb/v6-m/nofp\libgcc.a(eqsf2.o)
                0x08000884                __eqsf2
                0x08000884                __nesf2
 .text          0x080008d4       0xa0 C:/ST/STM32CubeIDE_1.17.0/STM32CubeIDE/plugins/com.st.stm32cube.ide.mcu.externaltools.gnu-tools-for-stm32.12.3.rel1.win32_1.1.0.202410251130/tools/bin/../lib/gcc/arm-none-eabi/12.3.1/thumb/v6-m/nofp\libgcc.a(gesf2.o)
                0x080008d4                __gesf2
                0x080008d4                __gtsf2
 .text          0x08000974       0x9c C:/ST/STM32CubeIDE_1.17.0/STM32CubeIDE/plugins/com.st.stm32cube.ide.mcu.externaltools.gnu-tools-for-stm32.12.3.rel1.win32_1.1.0.202410251130/tools/bin/../lib/gcc/arm-none-eabi/12.3.1/thumb/v6-m/nofp\libgcc.a(lesf2.o)
                0x08000974                __ltsf2
                0x08000974                __lesf2
 .text          0x08000a10      0x27c C:/ST/STM32CubeIDE_1.17.0/STM32CubeIDE/plugins/com.st.stm32cube.ide.mcu.externaltools.gnu-tools-for-stm32.12.3.rel1.win32_1.1.0.202410251130/tools/bin/../lib/gcc/arm-none-eabi/12.3.1/thumb/v6-m/nofp\libgcc.a(mulsf3.o)
                0x08000a10                __aeabi_fmul
 .text          0x08000c8c      0x348 C:/ST/STM32CubeIDE_1.17.0/STM32CubeIDE/plugins/com.st.stm32cube.ide.mcu.externaltools.gnu-tools-for-stm32.12.3.rel1.win32_1.1.0.202410251130/tools/bin/../lib/gcc/arm-none-eabi/12.3.1/thumb/v6-m/nofp\libgcc.a(subsf3.o)
                0x08000c8c                __aeabi_fsub
 .text          0x08000fd4       0x40 C:/ST/STM32CubeIDE_1.17.0/STM32CubeIDE/plugins/com.st.stm32cube.ide.mcu.externaltools.gnu-tools-for-stm32.12.3.rel1.win32_1.1.0.202410251130/tools/bin/../lib/gcc/arm-none-eabi/12.3.1/thumb/v6-m/nofp\libgcc.a(fixsfsi.o)
                0x08000fd4                __aeabi_f2iz
 .text          0x08001014       0x84 C:/ST/STM32CubeIDE_1.17.0/STM32CubeIDE/plugins/com.st.stm32cube.ide.mcu.externaltools.gnu-tools-for-stm32.12.3.rel1.win32_1.1.0.202410251130/tools/bin/../lib/gcc/arm-none-eabi/12.3.1/thumb/v6-m/nofp\libgcc.a(floatunsisf.o)
                0x08001014                __aeabi_ui2f
 .text          0x08001098      0x6c8 C:/ST/STM32CubeIDE_1.17.0/STM32CubeIDE/plugins/com.st.stm32cube.ide.mcu.externaltools.gnu-tools-for-stm32.12.3.rel1.win32_1.1.0.202410251130/tools/bin/../lib/gcc/arm-none-eabi/12.3.1/thumb/v6-m/nofp\libgcc.a(adddf3.o)
                0x08001098                __aeabi_dadd
 .text          0x08001760      0x634 C:/ST/STM32CubeIDE_1.17.0/STM32CubeIDE/plugins/com.st.stm32cube.ide.mcu.externaltools.gnu-tools-for-stm32.12.3.rel1.win32_1.1.0.202410251130/tools/bin/../lib/gcc/arm-none-eabi/12.3.1/thumb/v6-m/nofp\libgcc.a(divdf3.o)
                0x08001760                __aeabi_ddiv
 .text          0x08001d94       0x88 C:/ST/STM32CubeIDE_1.17.0/STM32CubeIDE/plugins/com.st.stm32cube.ide.mcu.externaltools.gnu-tools-for-stm32.12.3.rel1.win32_1.1.0.202410251130/tools/bin/../lib/gcc/arm-none-eabi/12.3.1/thumb/v6-m/nofp\libgcc.a(eqdf2.o)
                0x08001d94                __nedf2
                0x08001d94                __eqdf2
 .text          0x08001e1c       0xe8 C:/ST/STM32CubeIDE_1.17.0/STM32CubeIDE/plugins/com.st.stm32cube.ide.mcu.externaltools.gnu-tools-for-stm32.12.3.rel1.win32_1.1.0.202410251130/tools/bin/../lib/gcc/arm-none-eabi/12.3.1/thumb/v6-m/nofp\libgcc.a(gedf2.o)
                0x08001e1c                __gedf2
                0x08001e1c                __gtdf2
 .text          0x08001f04       0xe4 C:/ST/STM32CubeIDE_1.17.0/STM32CubeIDE/plugins/com.st.stm32cube.ide.mcu.externaltools.gnu-tools-for-stm32.12.3.rel1.win32_1.1.0.202410251130/tools/bin/../lib/gcc/arm-none-eabi/12.3.1/thumb/v6-m/nofp\libgcc.a(ledf2.o)
                0x08001f04                __ledf2
                0x08001f04                __ltdf2
 .text          0x08001fe8      0x590 C:/ST/STM32CubeIDE_1.17.0/STM32CubeIDE/plugins/com.st.stm32cube.ide.mcu.externaltools.gnu-tools-for-stm32.12.3.rel1.win32_1.1.0.202410251130/tools/bin/../lib/gcc/arm-none-eabi/12.3.1/thumb/v6-m/nofp\libgcc.a(muldf3.o)
                0x08001fe8                __aeabi_dmul
 .text          0x08002578      0x738 C:/ST/STM32CubeIDE_1.17.0/STM32CubeIDE/plugins/com.st.stm32cube.ide.mcu.externaltools.gnu-tools-for-stm32.12.3.rel1.win32_1.1.0.202410251130/tools/bin/../lib/gcc/arm-none-eabi/12.3.1/thumb/v6-m/nofp\libgcc.a(subdf3.o)
                0x08002578                __aeabi_dsub
 .text          0x08002cb0       0x44 C:/ST/STM32CubeIDE_1.17.0/STM32CubeIDE/plugins/com.st.stm32cube.ide.mcu.externaltools.gnu-tools-for-stm32.12.3.rel1.win32_1.1.0.202410251130/tools/bin/../lib/gcc/arm-none-eabi/12.3.1/thumb/v6-m/nofp\libgcc.a(unorddf2.o)
                0x08002cb0                __aeabi_dcmpun
 .text          0x08002cf4       0x78 C:/ST/STM32CubeIDE_1.17.0/STM32CubeIDE/plugins/com.st.stm32cube.ide.mcu.externaltools.gnu-tools-for-stm32.12.3.rel1.win32_1.1.0.202410251130/tools/bin/../lib/gcc/arm-none-eabi/12.3.1/thumb/v6-m/nofp\libgcc.a(fixdfsi.o)
                0x08002cf4                __aeabi_d2iz
 .text          0x08002d6c       0x5c C:/ST/STM32CubeIDE_1.17.0/STM32CubeIDE/plugins/com.st.stm32cube.ide.mcu.externaltools.gnu-tools-for-stm32.12.3.rel1.win32_1.1.0.202410251130/tools/bin/../lib/gcc/arm-none-eabi/12.3.1/thumb/v6-m/nofp\libgcc.a(floatsidf.o)
                0x08002d6c                __aeabi_i2d
 .text          0x08002dc8       0x48 C:/ST/STM32CubeIDE_1.17.0/STM32CubeIDE/plugins/com.st.stm32cube.ide.mcu.externaltools.gnu-tools-for-stm32.12.3.rel1.win32_1.1.0.202410251130/tools/bin/../lib/gcc/arm-none-eabi/12.3.1/thumb/v6-m/nofp\libgcc.a(floatunsidf.o)
                0x08002dc8                __aeabi_ui2d
 .text          0x08002e10       0x90 C:/ST/STM32CubeIDE_1.17.0/STM32CubeIDE/plugins/com.st.stm32cube.ide.mcu.externaltools.gnu-tools-for-stm32.12.3.rel1.win32_1.1.0.202410251130/tools/bin/../lib/gcc/arm-none-eabi/12.3.1/thumb/v6-m/nofp\libgcc.a(extendsfdf2.o)
                0x08002e10                __aeabi_f2d
 .text          0x08002ea0      0x108 C:/ST/STM32CubeIDE_1.17.0/STM32CubeIDE/plugins/com.st.stm32cube.ide.mcu.externaltools.gnu-tools-for-stm32.12.3.rel1.win32_1.1.0.202410251130/tools/bin/../lib/gcc/arm-none-eabi/12.3.1/thumb/v6-m/nofp\libgcc.a(truncdfsf2.o)
                0x08002ea0                __aeabi_d2f
 .text          0x08002fa8       0x3c C:/ST/STM32CubeIDE_1.17.0/STM32CubeIDE/plugins/com.st.stm32cube.ide.mcu.externaltools.gnu-tools-for-stm32.12.3.rel1.win32_1.1.0.202410251130/tools/bin/../lib/gcc/arm-none-eabi/12.3.1/thumb/v6-m/nofp\libgcc.a(_clzsi2.o)
                0x08002fa8                __clzsi2
 .text          0x08002fe4       0x18 C:/ST/STM32CubeIDE_1.17.0/STM32CubeIDE/plugins/com.st.stm32cube.ide.mcu.externaltools.gnu-tools-for-stm32.12.3.rel1.win32_1.1.0.202410251130/tools/bin/../lib/gcc/arm-none-eabi/12.3.1/thumb/v6-m/nofp\libgcc.a(_clzdi2.o)
                0x08002fe4                __clzdi2
 *(.text*)
 .text.__NVIC_SystemReset
                0x08002ffc       0x24 BOS\BOS.o
 .text.Processor_type
                0x08003020       0x5a BOS\BOS.o
                0x08003020                Processor_type
 *fill*         0x0800307a        0x2 
 .text.Get_Module_Name
                0x0800307c       0x28 BOS\BOS.o
                0x0800307c                Get_Module_Name
 .text.Send_BOS_Message
                0x080030a4       0xfc BOS\BOS.o
                0x080030a4                Send_BOS_Message
 .text.LoadEEvars
                0x080031a0       0x2a BOS\BOS.o
                0x080031a0                LoadEEvars
 *fill*         0x080031ca        0x2 
 .text.LoadROtopology
                0x080031cc       0xfc BOS\BOS.o
                0x080031cc                LoadROtopology
 .text.LoadEEportsDir
                0x080032c8       0x68 BOS\BOS.o
                0x080032c8                LoadEEportsDir
 .text.LoadEEalias
                0x08003330       0xd8 BOS\BOS.o
                0x08003330                LoadEEalias
 .text.LoadEEgroup
                0x08003408      0x120 BOS\BOS.o
                0x08003408                LoadEEgroup
 .text.LoadEEstreams
                0x08003528      0x21c BOS\BOS.o
                0x08003528                LoadEEstreams
 .text.LoadEEparams
                0x08003744      0x2d8 BOS\BOS.o
                0x08003744                LoadEEparams
 .text.LoadEEbuttons
                0x08003a1c      0x2ec BOS\BOS.o
                0x08003a1c                LoadEEbuttons
 .text.LoadROsnippets
                0x08003d08      0x1d8 BOS\BOS.o
                0x08003d08                LoadROsnippets
 .text.SaveEEportsDir
                0x08003ee0       0x78 BOS\BOS.o
                0x08003ee0                SaveEEportsDir
 .text.SaveEEalias
                0x08003f58       0xd0 BOS\BOS.o
                0x08003f58                SaveEEalias
 .text.SaveEEstreams
                0x08004028       0xdc BOS\BOS.o
                0x08004028                SaveEEstreams
 .text.SaveEEparams
                0x08004104       0xb4 BOS\BOS.o
                0x08004104                SaveEEparams
 .text.ClearEEportsDir
                0x080041b8       0x84 BOS\BOS.o
                0x080041b8                ClearEEportsDir
 .text.EE_FormatForFactoryReset
                0x0800423c       0x2c BOS\BOS.o
                0x0800423c                EE_FormatForFactoryReset
 .text.IsLowerCLIbaud
                0x08004268       0xe8 BOS\BOS.o
                0x08004268                IsLowerCLIbaud
 .text.IsModuleParameter
                0x08004350       0x64 BOS\BOS.o
                0x08004350                IsModuleParameter
 .text.IsMathOperator
                0x080043b4       0xc4 BOS\BOS.o
                0x080043b4                IsMathOperator
 .text.BOS_Init
                0x08004478      0x130 BOS\BOS.o
                0x08004478                BOS_Init
 .text.Module_Init
                0x080045a8       0x1e BOS\BOS.o
                0x080045a8                Module_Init
 *fill*         0x080045c6        0x2 
 .text.Explore  0x080045c8      0xa24 BOS\BOS.o
                0x080045c8                Explore
 .text.ExploreNeighbors
                0x08004fec       0x90 BOS\BOS.o
                0x08004fec                ExploreNeighbors
 .text.FindBroadcastRoutes
                0x0800507c      0x3b0 BOS\BOS.o
                0x0800507c                FindBroadcastRoutes
 .text.FindRoute
                0x0800542c      0x2d8 BOS\BOS.o
                0x0800542c                FindRoute
 .text.minArr   0x08005704       0x88 BOS\BOS.o
                0x08005704                minArr
 .text.QnotEmpty
                0x0800578c       0x50 BOS\BOS.o
                0x0800578c                QnotEmpty
 .text.DisplayTopology
                0x080057dc      0x258 BOS\BOS.o
                0x080057dc                DisplayTopology
 .text.DisplayPortsDir
                0x08005a34      0x118 BOS\BOS.o
                0x08005a34                DisplayPortsDir
 .text.DisplayModuleStatus
                0x08005b4c      0x3b4 BOS\BOS.o
                0x08005b4c                DisplayModuleStatus
 .text.GetID    0x08005f00      0x15c BOS\BOS.o
                0x08005f00                GetID
 .text.NameModule
                0x0800605c      0x140 BOS\BOS.o
                0x0800605c                NameModule
 .text.AddModuleToGroup
                0x0800619c      0x1b8 BOS\BOS.o
                0x0800619c                AddModuleToGroup
 .text.WriteToRemote
                0x08006354      0x1fc BOS\BOS.o
                0x08006354                WriteToRemote
 .text.GetDateString
                0x08006550       0x5c BOS\BOS.o
                0x08006550                GetDateString
 .text.Bridge   0x080065ac       0x4c BOS\BOS.o
                0x080065ac                Bridge
 .text.Unbridge
                0x080065f8       0xbc BOS\BOS.o
                0x080065f8                Unbridge
 .text.EnableStopModebyUARTx
                0x080066b4       0xb8 BOS\BOS.o
                0x080066b4                EnableStopModebyUARTx
 .text.EnableStandbyModebyWakeupPinx
                0x0800676c       0x64 BOS\BOS.o
                0x0800676c                EnableStandbyModebyWakeupPinx
 .text.DisableStandbyModeWakeupPinx
                0x080067d0       0x98 BOS\BOS.o
                0x080067d0                DisableStandbyModeWakeupPinx
 .text.prvCLITask
                0x08006868      0x278 BOS\BOS_CLI.o
                0x08006868                prvCLITask
 .text.CLI_CommandParser
                0x08006ae0      0x57c BOS\BOS_CLI.o
                0x08006ae0                CLI_CommandParser
 .text.StringToLowerCase
                0x0800705c       0x6c BOS\BOS_CLI.o
                0x0800705c                StringToLowerCase
 .text.AddSnippet
                0x080070c8      0x1b4 BOS\BOS_CLI.o
                0x080070c8                AddSnippet
 .text.ParseSnippetCondition
                0x0800727c      0x7f8 BOS\BOS_CLI.o
                0x0800727c                ParseSnippetCondition
 .text.ParseSnippetCommand
                0x08007a74       0xc8 BOS\BOS_CLI.o
                0x08007a74                ParseSnippetCommand
 .text.CheckSnippetCondition
                0x08007b3c      0x1b4 BOS\BOS_CLI.o
                0x08007b3c                CheckSnippetCondition
 .text.ExecuteSnippet
                0x08007cf0       0xd8 BOS\BOS_CLI.o
                0x08007cf0                ExecuteSnippet
 .text.__NVIC_SystemReset
                0x08007dc8       0x24 BOS\BOS_CLIcommands.o
 .text.RegisterUserCLICommands
                0x08007dec        0xa BOS\BOS_CLIcommands.o
                0x08007dec                RegisterUserCLICommands
 *fill*         0x08007df6        0x2 
 .text.vRegisterCLICommands
                0x08007df8      0x1b0 BOS\BOS_CLIcommands.o
                0x08007df8                vRegisterCLICommands
 .text.prvTaskStatsCommand
                0x08007fa8       0x40 BOS\BOS_CLIcommands.o
 .text.prvRunTimeStatsCommand
                0x08007fe8       0x40 BOS\BOS_CLIcommands.o
 .text.pingCommand
                0x08008028       0x98 BOS\BOS_CLIcommands.o
 .text.bootloaderUpdateCommand
                0x080080c0      0x200 BOS\BOS_CLIcommands.o
 .text.exploreCommand
                0x080082c0       0xf8 BOS\BOS_CLIcommands.o
 .text.resetCommand
                0x080083b8       0x10 BOS\BOS_CLIcommands.o
 .text.nameCommand
                0x080083c8       0xe8 BOS\BOS_CLIcommands.o
 .text.groupCommand
                0x080084b0      0x2fc BOS\BOS_CLIcommands.o
 .text.statusCommand
                0x080087ac       0x1c BOS\BOS_CLIcommands.o
 .text.infoCommand
                0x080087c8       0xfc BOS\BOS_CLIcommands.o
 .text.scastCommand
                0x080088c4      0x2dc BOS\BOS_CLIcommands.o
 .text.addbuttonCommand
                0x08008ba0      0x150 BOS\BOS_CLIcommands.o
 .text.removebuttonCommand
                0x08008cf0       0x94 BOS\BOS_CLIcommands.o
 .text.setCommand
                0x08008d84      0xa04 BOS\BOS_CLIcommands.o
 .text.getCommand
                0x08009788      0x310 BOS\BOS_CLIcommands.o
 .text.defaultCommand
                0x08009a98       0xf8 BOS\BOS_CLIcommands.o
 .text.timeCommand
                0x08009b90       0xd8 BOS\BOS_CLIcommands.o
 .text.dateCommand
                0x08009c68       0x34 BOS\BOS_CLIcommands.o
 .text.setBaudrateCommand
                0x08009c9c       0xc0 BOS\BOS_CLIcommands.o
 .text.uuidCommand
                0x08009d5c       0x70 BOS\BOS_CLIcommands.o
 .text.idcodeCommand
                0x08009dcc       0xe0 BOS\BOS_CLIcommands.o
 .text.flashsizeCommand
                0x08009eac       0x34 BOS\BOS_CLIcommands.o
 .text.snipCommand
                0x08009ee0      0x3ac BOS\BOS_CLIcommands.o
 .text.actSnipCommand
                0x0800a28c       0xb8 BOS\BOS_CLIcommands.o
 .text.pauseSnipCommand
                0x0800a344       0xb8 BOS\BOS_CLIcommands.o
 .text.delSnipCommand
                0x0800a3fc      0x1d4 BOS\BOS_CLIcommands.o
 .text.bridgeCommand
                0x0800a5d0      0x11c BOS\BOS_CLIcommands.o
 .text.unbridgeCommand
                0x0800a6ec      0x11c BOS\BOS_CLIcommands.o
 .text.testportCommand
                0x0800a808      0x2e8 BOS\BOS_CLIcommands.o
 .text.ADCReadCommand
                0x0800aaf0      0x134 BOS\BOS_CLIcommands.o
 .text.ReadTempCommand
                0x0800ac24       0x54 BOS\BOS_CLIcommands.o
 .text.ReadVrefCommand
                0x0800ac78       0x54 BOS\BOS_CLIcommands.o
 .text.GetReadPrecentageCommand
                0x0800accc       0x98 BOS\BOS_CLIcommands.o
 .text.StartDMAstream
                0x0800ad64       0xb0 BOS\BOS_dma.o
                0x0800ad64                StartDMAstream
 .text.DMA_IRQHandler
                0x0800ae14      0x108 BOS\BOS_dma.o
                0x0800ae14                DMA_IRQHandler
 .text.ResetUartORE
                0x0800af1c       0x48 BOS\BOS_dma.o
                0x0800af1c                ResetUartORE
 .text.MX_FREERTOS_Init
                0x0800af64      0x214 BOS\BOS_freertos.o
                0x0800af64                MX_FREERTOS_Init
 .text.StartDefaultTask
                0x0800b178       0xfc BOS\BOS_freertos.o
                0x0800b178                StartDefaultTask
 .text.ExecuteMonitor
                0x0800b274      0x4c8 BOS\BOS_freertos.o
                0x0800b274                ExecuteMonitor
 .text.vMainConfigureTimerForRunTimeStats
                0x0800b73c       0x2c BOS\BOS_freertos.o
                0x0800b73c                vMainConfigureTimerForRunTimeStats
 .text.ulMainGetRunTimeCounterValue
                0x0800b768       0x90 BOS\BOS_freertos.o
                0x0800b768                ulMainGetRunTimeCounterValue
 .text.SetupDMAStreams
                0x0800b7f8      0x3c8 BOS\BOS_messaging.o
                0x0800b7f8                SetupDMAStreams
 .text.StreamTimerCallback
                0x0800bbc0       0x98 BOS\BOS_messaging.o
                0x0800bbc0                StreamTimerCallback
 .text.ForwardReceivedMessage
                0x0800bc58       0x80 BOS\BOS_messaging.o
                0x0800bc58                ForwardReceivedMessage
 .text.BroadcastReceivedMessage
                0x0800bcd8       0x70 BOS\BOS_messaging.o
                0x0800bcd8                BroadcastReceivedMessage
 .text.NotifyMessagingTask
                0x0800bd48       0x90 BOS\BOS_messaging.o
                0x0800bd48                NotifyMessagingTask
 .text.BroadcastMessage
                0x0800bdd8       0x94 BOS\BOS_messaging.o
                0x0800bdd8                BroadcastMessage
 .text.SendMessageToModule
                0x0800be6c       0xa4 BOS\BOS_messaging.o
                0x0800be6c                SendMessageToModule
 .text.SendLargeMessageToModule
                0x0800bf10      0x10c BOS\BOS_messaging.o
                0x0800bf10                SendLargeMessageToModule
 .text.SendMessageFromPort
                0x0800c01c      0x5a8 BOS\BOS_messaging.o
                0x0800c01c                SendMessageFromPort
 .text.StartScastDMAStream
                0x0800c5c4      0x314 BOS\BOS_messaging.o
                0x0800c5c4                StartScastDMAStream
 .text.__NVIC_SystemReset
                0x0800c8d8       0x24 BOS\BOS_msgparser.o
 .text.BackEndTask
                0x0800c8fc      0xbb8 BOS\BOS_msgparser.o
                0x0800c8fc                BackEndTask
 .text.PxMessagingTask
                0x0800d4b4     0x4a90 BOS\BOS_msgparser.o
                0x0800d4b4                PxMessagingTask
 .text.User_MessagingParser
                0x08011f44       0x3a BOS\BOS_msgparser.o
                0x08011f44                User_MessagingParser
 .text.SystemClock_Config
                0x08011f7e       0xb4 H3BR6\H3BR6.o
                0x08011f7e                SystemClock_Config
 *fill*         0x08012032        0x2 
 .text.SaveTopologyToRO
                0x08012034      0x1bc H3BR6\H3BR6.o
                0x08012034                SaveTopologyToRO
 .text.SaveSnippetsToRO
                0x080121f0      0x1f8 H3BR6\H3BR6.o
                0x080121f0                SaveSnippetsToRO
 .text.ClearROtopology
                0x080123e8       0x38 H3BR6\H3BR6.o
                0x080123e8                ClearROtopology
 .text.remoteBootloaderUpdate
                0x08012420      0x178 H3BR6\H3BR6.o
                0x08012420                remoteBootloaderUpdate
 .text.SetupPortForRemoteBootloaderUpdate
                0x08012598       0x52 H3BR6\H3BR6.o
                0x08012598                SetupPortForRemoteBootloaderUpdate
 *fill*         0x080125ea        0x2 
 .text.Module_Peripheral_Init
                0x080125ec      0x130 H3BR6\H3BR6.o
                0x080125ec                Module_Peripheral_Init
 .text.Module_MessagingTask
                0x0801271c      0x4ac H3BR6\H3BR6.o
                0x0801271c                Module_MessagingTask
 .text.GetPort  0x08012bc8       0x6c H3BR6\H3BR6.o
                0x08012bc8                GetPort
 .text.RegisterModuleCLICommands
                0x08012c34       0x78 H3BR6\H3BR6.o
                0x08012c34                RegisterModuleCLICommands
 .text.get_number_code
                0x08012cac       0xa8 H3BR6\H3BR6.o
                0x08012cac                get_number_code
 .text.get_letter_code
                0x08012d54      0x248 H3BR6\H3BR6.o
                0x08012d54                get_letter_code
 .text.clear_all_digits
                0x08012f9c       0x54 H3BR6\H3BR6.o
                0x08012f9c                clear_all_digits
 .text.SevenDisplayNumber
                0x08012ff0      0x26c H3BR6\H3BR6.o
                0x08012ff0                SevenDisplayNumber
 .text.SevenDisplayNumberF
                0x0801325c      0x494 H3BR6\H3BR6.o
                0x0801325c                SevenDisplayNumberF
 .text.SevenDisplayQuantities
                0x080136f0      0x42c H3BR6\H3BR6.o
                0x080136f0                SevenDisplayQuantities
 .text.SevenDisplayLetter
                0x08013b1c       0x60 H3BR6\H3BR6.o
                0x08013b1c                SevenDisplayLetter
 .text.SevenDisplaySentence
                0x08013b7c      0x174 H3BR6\H3BR6.o
                0x08013b7c                SevenDisplaySentence
 .text.SevenDisplayMovingSentence
                0x08013cf0      0x150 H3BR6\H3BR6.o
                0x08013cf0                SevenDisplayMovingSentence
 .text.SevenDisplayOff
                0x08013e40       0x1c H3BR6\H3BR6.o
                0x08013e40                SevenDisplayOff
 .text.SetIndicator
                0x08013e5c       0xbc H3BR6\H3BR6.o
                0x08013e5c                SetIndicator
 .text.ClearIndicator
                0x08013f18       0xac H3BR6\H3BR6.o
                0x08013f18                ClearIndicator
 .text.CLI_SevenDisplayNumberCommand
                0x08013fc4       0xe4 H3BR6\H3BR6.o
                0x08013fc4                CLI_SevenDisplayNumberCommand
 .text.CLI_SevenDisplayNumberFCommand
                0x080140a8      0x12c H3BR6\H3BR6.o
                0x080140a8                CLI_SevenDisplayNumberFCommand
 .text.CLI_SevenDisplayQuantitiesCommand
                0x080141d4      0x1a0 H3BR6\H3BR6.o
                0x080141d4                CLI_SevenDisplayQuantitiesCommand
 .text.CLI_SevenDisplayLetterCommand
                0x08014374      0x114 H3BR6\H3BR6.o
                0x08014374                CLI_SevenDisplayLetterCommand
 .text.CLI_SevenDisplaySentenceCommand
                0x08014488       0xe0 H3BR6\H3BR6.o
                0x08014488                CLI_SevenDisplaySentenceCommand
 .text.CLI_SevenDisplayMovingSentenceCommand
                0x08014568       0xb0 H3BR6\H3BR6.o
                0x08014568                CLI_SevenDisplayMovingSentenceCommand
 .text.CLI_SevenDisplayOffCommand
                0x08014618       0x60 H3BR6\H3BR6.o
                0x08014618                CLI_SevenDisplayOffCommand
 .text.CLI_SetIndicatorCommand
                0x08014678       0x98 H3BR6\H3BR6.o
                0x08014678                CLI_SetIndicatorCommand
 .text.CLI_ClearIndicatorCommand
                0x08014710       0x98 H3BR6\H3BR6.o
                0x08014710                CLI_ClearIndicatorCommand
 .text.DMA_Init
                0x080147a8       0x74 H3BR6\H3BR6_dma.o
                0x080147a8                DMA_Init
 .text.SetupMessagingRxDMAs
                0x0801481c       0xf4 H3BR6\H3BR6_dma.o
                0x0801481c                SetupMessagingRxDMAs
 .text.DMA_MSG_RX_Setup
                0x08014910       0x68 H3BR6\H3BR6_dma.o
                0x08014910                DMA_MSG_RX_Setup
 .text.DMA_STREAM_Setup
                0x08014978       0xf0 H3BR6\H3BR6_dma.o
                0x08014978                DMA_STREAM_Setup
 .text.StopDMA  0x08014a68       0x98 H3BR6\H3BR6_dma.o
                0x08014a68                StopDMA
 .text.SwitchMsgDMAToStream
                0x08014b00       0x52 H3BR6\H3BR6_dma.o
                0x08014b00                SwitchMsgDMAToStream
 *fill*         0x08014b52        0x2 
 .text.SwitchStreamDMAToMsg
                0x08014b54       0xc8 H3BR6\H3BR6_dma.o
                0x08014b54                SwitchStreamDMAToMsg
 .text.CRC_Init
                0x08014c1c       0x44 H3BR6\H3BR6_dma.o
                0x08014c1c                CRC_Init
 .text.HAL_CRC_MspInit
                0x08014c60       0x30 H3BR6\H3BR6_dma.o
                0x08014c60                HAL_CRC_MspInit
 .text.CalculateCRC8
                0x08014c90      0x154 H3BR6\H3BR6_dma.o
                0x08014c90                CalculateCRC8
 .text.EE_Init  0x08014de4      0x680 H3BR6\H3BR6_eeprom.o
                0x08014de4                EE_Init
 .text.EE_ReadVariable
                0x08015464       0xc0 H3BR6\H3BR6_eeprom.o
                0x08015464                EE_ReadVariable
 .text.EE_WriteVariable
                0x08015524       0x64 H3BR6\H3BR6_eeprom.o
                0x08015524                EE_WriteVariable
 .text.EE_Format
                0x08015588      0x14c H3BR6\H3BR6_eeprom.o
                0x08015588                EE_Format
 .text.EE_FindValidPage
                0x080156d4       0x90 H3BR6\H3BR6_eeprom.o
 .text.EE_VerifyPageFullWriteVariable
                0x08015764      0x160 H3BR6\H3BR6_eeprom.o
 .text.EE_PageTransfer
                0x080158c4      0x20c H3BR6\H3BR6_eeprom.o
 .text.GPIO_Init
                0x08015ad0       0x90 H3BR6\H3BR6_gpio.o
                0x08015ad0                GPIO_Init
 .text.IND_LED_Init
                0x08015b60       0x38 H3BR6\H3BR6_gpio.o
                0x08015b60                IND_LED_Init
 .text.seven_seg_gpio_init
                0x08015b98       0xfc H3BR6\H3BR6_gpio.o
                0x08015b98                seven_seg_gpio_init
 .text.IsFactoryReset
                0x08015c94      0x15c H3BR6\H3BR6_gpio.o
                0x08015c94                IsFactoryReset
 .text.GetPortGPIOs
                0x08015df0      0x11c H3BR6\H3BR6_gpio.o
                0x08015df0                GetPortGPIOs
 .text.buttonPressedCallback
                0x08015f0c       0x14 H3BR6\H3BR6_inputs.o
                0x08015f0c                buttonPressedCallback
 .text.CheckAttachedButtons
                0x08015f20      0x7a8 H3BR6\H3BR6_inputs.o
                0x08015f20                CheckAttachedButtons
 .text.CheckForTimedButtonPress
                0x080166c8       0xfc H3BR6\H3BR6_inputs.o
                0x080166c8                CheckForTimedButtonPress
 .text.CheckForTimedButtonRelease
                0x080167c4       0xfc H3BR6\H3BR6_inputs.o
                0x080167c4                CheckForTimedButtonRelease
 .text.AddPortButton
                0x080168c0      0x268 H3BR6\H3BR6_inputs.o
                0x080168c0                AddPortButton
 .text.RemovePortButton
                0x08016b28      0x200 H3BR6\H3BR6_inputs.o
                0x08016b28                RemovePortButton
 .text.SetButtonEvents
                0x08016d28      0x77c H3BR6\H3BR6_inputs.o
                0x08016d28                SetButtonEvents
 .text.MX_ADC_Init
                0x080174a4       0x88 H3BR6\H3BR6_inputs.o
                0x080174a4                MX_ADC_Init
 .text.HAL_ADC_MspInit
                0x0801752c       0xc4 H3BR6\H3BR6_inputs.o
                0x0801752c                HAL_ADC_MspInit
 .text.ADCSelectChannel
                0x080175f0       0xac H3BR6\H3BR6_inputs.o
                0x080175f0                ADCSelectChannel
 .text.ReadADCChannel
                0x0801769c      0x10c H3BR6\H3BR6_inputs.o
                0x0801769c                ReadADCChannel
 .text.ReadTempAndVref
                0x080177a8      0x1f0 H3BR6\H3BR6_inputs.o
                0x080177a8                ReadTempAndVref
 .text.GetReadPrecentage
                0x08017998      0x224 H3BR6\H3BR6_inputs.o
                0x08017998                GetReadPrecentage
 .text.Get_channel
                0x08017bbc       0xac H3BR6\H3BR6_inputs.o
                0x08017bbc                Get_channel
 .text.Error_Handler
                0x08017c68       0x10 H3BR6\H3BR6_inputs.o
                0x08017c68                Error_Handler
 .text.Get_Rank
                0x08017c78       0xa8 H3BR6\H3BR6_inputs.o
                0x08017c78                Get_Rank
 .text.buttonReleasedCallback
                0x08017d20       0x14 H3BR6\H3BR6_inputs.o
                0x08017d20                buttonReleasedCallback
 .text.buttonClickedCallback
                0x08017d34       0x14 H3BR6\H3BR6_inputs.o
                0x08017d34                buttonClickedCallback
 .text.buttonDblClickedCallback
                0x08017d48       0x14 H3BR6\H3BR6_inputs.o
                0x08017d48                buttonDblClickedCallback
 .text.buttonPressedForXCallback
                0x08017d5c       0x1a H3BR6\H3BR6_inputs.o
                0x08017d5c                buttonPressedForXCallback
 .text.buttonReleasedForYCallback
                0x08017d76       0x1a H3BR6\H3BR6_inputs.o
                0x08017d76                buttonReleasedForYCallback
 .text.__NVIC_SystemReset
                0x08017d90       0x24 H3BR6\H3BR6_it.o
 .text.SysTick_Handler
                0x08017db4       0x12 H3BR6\H3BR6_it.o
                0x08017db4                SysTick_Handler
 *fill*         0x08017dc6        0x2 
 .text.TIM6_DAC_LPTIM1_IRQHandler
                0x08017dc8       0x18 H3BR6\H3BR6_it.o
                0x08017dc8                TIM6_DAC_LPTIM1_IRQHandler
 .text.HAL_TIM_PeriodElapsedCallback
                0x08017de0      0x2f4 H3BR6\H3BR6_it.o
                0x08017de0                HAL_TIM_PeriodElapsedCallback
 .text.HardFault_Handler
                0x080180d4       0x40 H3BR6\H3BR6_it.o
                0x080180d4                HardFault_Handler
 .text.HAL_UARTEx_RxEventCallback
                0x08018114       0x74 H3BR6\H3BR6_it.o
                0x08018114                HAL_UARTEx_RxEventCallback
 .text.USART1_IRQHandler
                0x08018188       0x30 H3BR6\H3BR6_it.o
                0x08018188                USART1_IRQHandler
 .text.USART2_LPUART2_IRQHandler
                0x080181b8       0x30 H3BR6\H3BR6_it.o
                0x080181b8                USART2_LPUART2_IRQHandler
 .text.USART3_4_5_6_LPUART1_IRQHandler
                0x080181e8       0x48 H3BR6\H3BR6_it.o
                0x080181e8                USART3_4_5_6_LPUART1_IRQHandler
 .text.DMA1_Channel1_IRQHandler
                0x08018230       0x20 H3BR6\H3BR6_it.o
                0x08018230                DMA1_Channel1_IRQHandler
 .text.DMA1_Channel2_3_IRQHandler
                0x08018250       0x58 H3BR6\H3BR6_it.o
                0x08018250                DMA1_Channel2_3_IRQHandler
 .text.DMA1_Ch4_7_DMA2_Ch1_5_DMAMUX1_OVR_IRQHandler
                0x080182a8       0x70 H3BR6\H3BR6_it.o
                0x080182a8                DMA1_Ch4_7_DMA2_Ch1_5_DMAMUX1_OVR_IRQHandler
 .text.HAL_UART_TxCpltCallback
                0x08018318       0x38 H3BR6\H3BR6_it.o
                0x08018318                HAL_UART_TxCpltCallback
 .text.HAL_UART_ErrorCallback
                0x08018350       0xd4 H3BR6\H3BR6_it.o
                0x08018350                HAL_UART_ErrorCallback
 .text.HAL_UARTEx_WakeupCallback
                0x08018424       0x5c H3BR6\H3BR6_it.o
                0x08018424                HAL_UARTEx_WakeupCallback
 .text.HAL_UART_RxCpltCallback
                0x08018480       0x10 H3BR6\H3BR6_it.o
                0x08018480                HAL_UART_RxCpltCallback
 .text.vApplicationStackOverflowHook
                0x08018490       0x44 H3BR6\H3BR6_it.o
                0x08018490                vApplicationStackOverflowHook
 .text.vApplicationMallocFailedHook
                0x080184d4       0x40 H3BR6\H3BR6_it.o
                0x080184d4                vApplicationMallocFailedHook
 .text.RTC_Init
                0x08018514       0xc4 H3BR6\H3BR6_rtc.o
                0x08018514                RTC_Init
 .text.RTC_CalendarConfig
                0x080185d8      0x18c H3BR6\H3BR6_rtc.o
                0x080185d8                RTC_CalendarConfig
 .text.BOS_CalendarConfig
                0x08018764      0x128 H3BR6\H3BR6_rtc.o
                0x08018764                BOS_CalendarConfig
 .text.GetTimeDate
                0x0801888c       0x90 H3BR6\H3BR6_rtc.o
                0x0801888c                GetTimeDate
 .text.TIM_USEC_Init
                0x0801891c       0x74 H3BR6\H3BR6_timers.o
                0x0801891c                TIM_USEC_Init
 .text.MX_TIM6_Init
                0x08018990       0x88 H3BR6\H3BR6_timers.o
                0x08018990                MX_TIM6_Init
 .text.TIM_MSEC_Init
                0x08018a18       0x78 H3BR6\H3BR6_timers.o
                0x08018a18                TIM_MSEC_Init
 .text.StartMicroDelay
                0x08018a90       0x48 H3BR6\H3BR6_timers.o
                0x08018a90                StartMicroDelay
 .text.StartMilliDelay
                0x08018ad8       0x48 H3BR6\H3BR6_timers.o
                0x08018ad8                StartMilliDelay
 .text.MX_USART1_UART_Init
                0x08018b20       0x7c H3BR6\H3BR6_uart.o
                0x08018b20                MX_USART1_UART_Init
 .text.MX_USART2_UART_Init
                0x08018b9c       0x7c H3BR6\H3BR6_uart.o
                0x08018b9c                MX_USART2_UART_Init
 .text.MX_USART3_UART_Init
                0x08018c18       0x7c H3BR6\H3BR6_uart.o
                0x08018c18                MX_USART3_UART_Init
 .text.MX_USART5_UART_Init
                0x08018c94       0x60 H3BR6\H3BR6_uart.o
                0x08018c94                MX_USART5_UART_Init
 .text.MX_USART6_UART_Init
                0x08018cf4       0x60 H3BR6\H3BR6_uart.o
                0x08018cf4                MX_USART6_UART_Init
 .text.HAL_UART_MspInit
                0x08018d54      0x530 H3BR6\H3BR6_uart.o
                0x08018d54                HAL_UART_MspInit
 .text.writePxMutex
                0x08019284       0xac H3BR6\H3BR6_uart.o
                0x08019284                writePxMutex
 .text.writePxITMutex
                0x08019330       0x78 H3BR6\H3BR6_uart.o
                0x08019330                writePxITMutex
 .text.UpdateBaudrate
                0x080193a8       0x3e H3BR6\H3BR6_uart.o
                0x080193a8                UpdateBaudrate
 *fill*         0x080193e6        0x2 
 .text.GetUart  0x080193e8       0x54 H3BR6\H3BR6_uart.o
                0x080193e8                GetUart
 .text.SwapUartPins
                0x0801943c      0x118 H3BR6\H3BR6_uart.o
                0x0801943c                SwapUartPins
 .text.ReadPortsDir
                0x08019554       0xa8 H3BR6\H3BR6_uart.o
                0x08019554                ReadPortsDir
 .text.ReadPortsDirMSG
                0x080195fc       0x80 H3BR6\H3BR6_uart.o
                0x080195fc                ReadPortsDirMSG
 .text.UpdateMyPortsDir
                0x0801967c       0x84 H3BR6\H3BR6_uart.o
                0x0801967c                UpdateMyPortsDir
 .text.Reset_Handler
                0x08019700       0x78 H3BR6\startup_stm32g0b1ceuxn.o
                0x08019700                Reset_Handler
 .text.Default_Handler
                0x08019778        0x2 H3BR6\startup_stm32g0b1ceuxn.o
                0x08019778                I2C2_3_IRQHandler
                0x08019778                TIM1_CC_IRQHandler
                0x08019778                ADC1_COMP_IRQHandler
                0x08019778                NMI_Handler
                0x08019778                I2C1_IRQHandler
                0x08019778                TIM7_LPTIM2_IRQHandler
                0x08019778                TIM17_FDCAN_IT1_IRQHandler
                0x08019778                RCC_CRS_IRQHandler
                0x08019778                RTC_TAMP_IRQHandler
                0x08019778                SPI1_IRQHandler
                0x08019778                USB_UCPD1_2_IRQHandler
                0x08019778                EXTI2_3_IRQHandler
                0x08019778                PVD_VDDIO2_IRQHandler
                0x08019778                EXTI4_15_IRQHandler
                0x08019778                Default_Handler
                0x08019778                CEC_IRQHandler
                0x08019778                TIM14_IRQHandler
                0x08019778                TIM15_IRQHandler
                0x08019778                TIM3_TIM4_IRQHandler
                0x08019778                EXTI0_1_IRQHandler
                0x08019778                SPI2_3_IRQHandler
                0x08019778                WWDG_IRQHandler
                0x08019778                TIM2_IRQHandler
                0x08019778                FLASH_IRQHandler
                0x08019778                TIM16_FDCAN_IT0_IRQHandler
                0x08019778                TIM1_BRK_UP_TRG_COM_IRQHandler
 .text.SystemInit
                0x0801977a        0xa Thirdparty\CMSIS\STM32G0xx\Device\ST\STM32G0xx\Source\Templates\system_stm32g0xx.o
                0x0801977a                SystemInit
 .text.inHandlerMode
                0x08019784       0x1c Thirdparty\Middleware\STM32G0xx\FreeRTOS\Source\CMSIS_RTOS\cmsis_os.o
 .text.osKernelStart
                0x080197a0       0x10 Thirdparty\Middleware\STM32G0xx\FreeRTOS\Source\CMSIS_RTOS\cmsis_os.o
                0x080197a0                osKernelStart
 .text.osDelay  0x080197b0       0x28 Thirdparty\Middleware\STM32G0xx\FreeRTOS\Source\CMSIS_RTOS\cmsis_os.o
                0x080197b0                osDelay
 .text.osSemaphoreCreate
                0x080197d8       0x4a Thirdparty\Middleware\STM32G0xx\FreeRTOS\Source\CMSIS_RTOS\cmsis_os.o
                0x080197d8                osSemaphoreCreate
 *fill*         0x08019822        0x2 
 .text.osSemaphoreWait
                0x08019824       0x94 Thirdparty\Middleware\STM32G0xx\FreeRTOS\Source\CMSIS_RTOS\cmsis_os.o
                0x08019824                osSemaphoreWait
 .text.osSemaphoreRelease
                0x080198b8       0x64 Thirdparty\Middleware\STM32G0xx\FreeRTOS\Source\CMSIS_RTOS\cmsis_os.o
                0x080198b8                osSemaphoreRelease
 .text.osSystickHandler
                0x0801991c       0x18 Thirdparty\Middleware\STM32G0xx\FreeRTOS\Source\CMSIS_RTOS\cmsis_os.o
                0x0801991c                osSystickHandler
 .text.FreeRTOS_CLIRegisterCommand
                0x08019934       0x50 Thirdparty\Middleware\STM32G0xx\FreeRTOS\Source\FreeRTOS_CLI.o
                0x08019934                FreeRTOS_CLIRegisterCommand
 .text.FreeRTOS_CLIProcessCommand
                0x08019984      0x11c Thirdparty\Middleware\STM32G0xx\FreeRTOS\Source\FreeRTOS_CLI.o
                0x08019984                FreeRTOS_CLIProcessCommand
 .text.FreeRTOS_CLIGetOutputBuffer
                0x08019aa0       0x10 Thirdparty\Middleware\STM32G0xx\FreeRTOS\Source\FreeRTOS_CLI.o
                0x08019aa0                FreeRTOS_CLIGetOutputBuffer
 .text.FreeRTOS_CLIGetParameter
                0x08019ab0       0xbc Thirdparty\Middleware\STM32G0xx\FreeRTOS\Source\FreeRTOS_CLI.o
                0x08019ab0                FreeRTOS_CLIGetParameter
 .text.prvHelpCommand
                0x08019b6c      0x154 Thirdparty\Middleware\STM32G0xx\FreeRTOS\Source\FreeRTOS_CLI.o
 .text.prvGetNumberOfParameters
                0x08019cc0       0x7a Thirdparty\Middleware\STM32G0xx\FreeRTOS\Source\FreeRTOS_CLI.o
 .text.vListInitialise
                0x08019d3a       0x3c Thirdparty\Middleware\STM32G0xx\FreeRTOS\Source\list.o
                0x08019d3a                vListInitialise
 .text.vListInitialiseItem
                0x08019d76       0x16 Thirdparty\Middleware\STM32G0xx\FreeRTOS\Source\list.o
                0x08019d76                vListInitialiseItem
 .text.vListInsertEnd
                0x08019d8c       0x44 Thirdparty\Middleware\STM32G0xx\FreeRTOS\Source\list.o
                0x08019d8c                vListInsertEnd
 .text.vListInsert
                0x08019dd0       0x6c Thirdparty\Middleware\STM32G0xx\FreeRTOS\Source\list.o
                0x08019dd0                vListInsert
 .text.uxListRemove
                0x08019e3c       0x50 Thirdparty\Middleware\STM32G0xx\FreeRTOS\Source\list.o
                0x08019e3c                uxListRemove
 .text.pxPortInitialiseStack
                0x08019e8c       0x54 Thirdparty\Middleware\STM32G0xx\FreeRTOS\Source\portable\GCC\ARM_CM0\port.o
                0x08019e8c                pxPortInitialiseStack
 .text.prvTaskExitError
                0x08019ee0       0x1e Thirdparty\Middleware\STM32G0xx\FreeRTOS\Source\portable\GCC\ARM_CM0\port.o
 .text.SVC_Handler
                0x08019efe        0xa Thirdparty\Middleware\STM32G0xx\FreeRTOS\Source\portable\GCC\ARM_CM0\port.o
                0x08019efe                SVC_Handler
 *fill*         0x08019f08        0x8 
 .text.vPortStartFirstTask
                0x08019f10       0x38 Thirdparty\Middleware\STM32G0xx\FreeRTOS\Source\portable\GCC\ARM_CM0\port.o
 .text.xPortStartScheduler
                0x08019f48       0x48 Thirdparty\Middleware\STM32G0xx\FreeRTOS\Source\portable\GCC\ARM_CM0\port.o
                0x08019f48                xPortStartScheduler
 .text.vPortYield
                0x08019f90       0x20 Thirdparty\Middleware\STM32G0xx\FreeRTOS\Source\portable\GCC\ARM_CM0\port.o
                0x08019f90                vPortYield
 .text.vPortEnterCritical
                0x08019fb0       0x24 Thirdparty\Middleware\STM32G0xx\FreeRTOS\Source\portable\GCC\ARM_CM0\port.o
                0x08019fb0                vPortEnterCritical
 .text.vPortExitCritical
                0x08019fd4       0x24 Thirdparty\Middleware\STM32G0xx\FreeRTOS\Source\portable\GCC\ARM_CM0\port.o
                0x08019fd4                vPortExitCritical
 .text.ulSetInterruptMaskFromISR
                0x08019ff8        0xc Thirdparty\Middleware\STM32G0xx\FreeRTOS\Source\portable\GCC\ARM_CM0\port.o
                0x08019ff8                ulSetInterruptMaskFromISR
 .text.vClearInterruptMaskFromISR
                0x0801a004        0x8 Thirdparty\Middleware\STM32G0xx\FreeRTOS\Source\portable\GCC\ARM_CM0\port.o
                0x0801a004                vClearInterruptMaskFromISR
 *fill*         0x0801a00c        0x4 
 .text.PendSV_Handler
                0x0801a010       0x48 Thirdparty\Middleware\STM32G0xx\FreeRTOS\Source\portable\GCC\ARM_CM0\port.o
                0x0801a010                PendSV_Handler
 .text.xPortSysTickHandler
                0x0801a058       0x34 Thirdparty\Middleware\STM32G0xx\FreeRTOS\Source\portable\GCC\ARM_CM0\port.o
                0x0801a058                xPortSysTickHandler
 .text.vPortSetupTimerInterrupt
                0x0801a08c       0x44 Thirdparty\Middleware\STM32G0xx\FreeRTOS\Source\portable\GCC\ARM_CM0\port.o
                0x0801a08c                vPortSetupTimerInterrupt
 .text.pvPortMalloc
                0x0801a0d0      0x140 Thirdparty\Middleware\STM32G0xx\FreeRTOS\Source\portable\MemMang\heap_4.o
                0x0801a0d0                pvPortMalloc
 .text.vPortFree
                0x0801a210       0x80 Thirdparty\Middleware\STM32G0xx\FreeRTOS\Source\portable\MemMang\heap_4.o
                0x0801a210                vPortFree
 .text.prvHeapInit
                0x0801a290       0xc0 Thirdparty\Middleware\STM32G0xx\FreeRTOS\Source\portable\MemMang\heap_4.o
 .text.prvInsertBlockIntoFreeList
                0x0801a350       0xb0 Thirdparty\Middleware\STM32G0xx\FreeRTOS\Source\portable\MemMang\heap_4.o
 .text.xQueueGenericReset
                0x0801a400       0x9e Thirdparty\Middleware\STM32G0xx\FreeRTOS\Source\queue.o
                0x0801a400                xQueueGenericReset
 .text.xQueueGenericCreate
                0x0801a49e       0x52 Thirdparty\Middleware\STM32G0xx\FreeRTOS\Source\queue.o
                0x0801a49e                xQueueGenericCreate
 .text.prvInitialiseNewQueue
                0x0801a4f0       0x4e Thirdparty\Middleware\STM32G0xx\FreeRTOS\Source\queue.o
 .text.xQueueCreateCountingSemaphore
                0x0801a53e       0x30 Thirdparty\Middleware\STM32G0xx\FreeRTOS\Source\queue.o
                0x0801a53e                xQueueCreateCountingSemaphore
 .text.xQueueGenericSend
                0x0801a56e      0x12a Thirdparty\Middleware\STM32G0xx\FreeRTOS\Source\queue.o
                0x0801a56e                xQueueGenericSend
 .text.xQueueGenericSendFromISR
                0x0801a698       0xa6 Thirdparty\Middleware\STM32G0xx\FreeRTOS\Source\queue.o
                0x0801a698                xQueueGenericSendFromISR
 .text.xQueueGiveFromISR
                0x0801a73e       0x96 Thirdparty\Middleware\STM32G0xx\FreeRTOS\Source\queue.o
                0x0801a73e                xQueueGiveFromISR
 .text.xQueueReceive
                0x0801a7d4      0x128 Thirdparty\Middleware\STM32G0xx\FreeRTOS\Source\queue.o
                0x0801a7d4                xQueueReceive
 .text.xQueueSemaphoreTake
                0x0801a8fc      0x178 Thirdparty\Middleware\STM32G0xx\FreeRTOS\Source\queue.o
                0x0801a8fc                xQueueSemaphoreTake
 .text.xQueueReceiveFromISR
                0x0801aa74       0xa0 Thirdparty\Middleware\STM32G0xx\FreeRTOS\Source\queue.o
                0x0801aa74                xQueueReceiveFromISR
 .text.prvGetDisinheritPriorityAfterTimeout
                0x0801ab14       0x2c Thirdparty\Middleware\STM32G0xx\FreeRTOS\Source\queue.o
 .text.prvCopyDataToQueue
                0x0801ab40       0xd6 Thirdparty\Middleware\STM32G0xx\FreeRTOS\Source\queue.o
 .text.prvCopyDataFromQueue
                0x0801ac16       0x4c Thirdparty\Middleware\STM32G0xx\FreeRTOS\Source\queue.o
 .text.prvUnlockQueue
                0x0801ac62       0xbc Thirdparty\Middleware\STM32G0xx\FreeRTOS\Source\queue.o
 .text.prvIsQueueEmpty
                0x0801ad1e       0x2c Thirdparty\Middleware\STM32G0xx\FreeRTOS\Source\queue.o
 .text.prvIsQueueFull
                0x0801ad4a       0x30 Thirdparty\Middleware\STM32G0xx\FreeRTOS\Source\queue.o
 *fill*         0x0801ad7a        0x2 
 .text.vQueueAddToRegistry
                0x0801ad7c       0x50 Thirdparty\Middleware\STM32G0xx\FreeRTOS\Source\queue.o
                0x0801ad7c                vQueueAddToRegistry
 .text.vQueueWaitForMessageRestricted
                0x0801adcc       0x66 Thirdparty\Middleware\STM32G0xx\FreeRTOS\Source\queue.o
                0x0801adcc                vQueueWaitForMessageRestricted
 .text.xTaskCreate
                0x0801ae32       0x90 Thirdparty\Middleware\STM32G0xx\FreeRTOS\Source\tasks.o
                0x0801ae32                xTaskCreate
 *fill*         0x0801aec2        0x2 
 .text.prvInitialiseNewTask
                0x0801aec4      0x10c Thirdparty\Middleware\STM32G0xx\FreeRTOS\Source\tasks.o
 .text.prvAddNewTaskToReadyList
                0x0801afd0       0xd0 Thirdparty\Middleware\STM32G0xx\FreeRTOS\Source\tasks.o
 .text.vTaskDelay
                0x0801b0a0       0x3a Thirdparty\Middleware\STM32G0xx\FreeRTOS\Source\tasks.o
                0x0801b0a0                vTaskDelay
 *fill*         0x0801b0da        0x2 
 .text.eTaskGetState
                0x0801b0dc       0xd0 Thirdparty\Middleware\STM32G0xx\FreeRTOS\Source\tasks.o
                0x0801b0dc                eTaskGetState
 .text.uxTaskPriorityGet
                0x0801b1ac       0x34 Thirdparty\Middleware\STM32G0xx\FreeRTOS\Source\tasks.o
                0x0801b1ac                uxTaskPriorityGet
 .text.vTaskPrioritySet
                0x0801b1e0      0x110 Thirdparty\Middleware\STM32G0xx\FreeRTOS\Source\tasks.o
                0x0801b1e0                vTaskPrioritySet
 .text.vTaskStartScheduler
                0x0801b2f0       0x74 Thirdparty\Middleware\STM32G0xx\FreeRTOS\Source\tasks.o
                0x0801b2f0                vTaskStartScheduler
 .text.vTaskSuspendAll
                0x0801b364       0x18 Thirdparty\Middleware\STM32G0xx\FreeRTOS\Source\tasks.o
                0x0801b364                vTaskSuspendAll
 .text.xTaskResumeAll
                0x0801b37c      0x10c Thirdparty\Middleware\STM32G0xx\FreeRTOS\Source\tasks.o
                0x0801b37c                xTaskResumeAll
 .text.xTaskGetTickCount
                0x0801b488       0x1c Thirdparty\Middleware\STM32G0xx\FreeRTOS\Source\tasks.o
                0x0801b488                xTaskGetTickCount
 .text.xTaskGetTickCountFromISR
                0x0801b4a4       0x20 Thirdparty\Middleware\STM32G0xx\FreeRTOS\Source\tasks.o
                0x0801b4a4                xTaskGetTickCountFromISR
 .text.uxTaskGetSystemState
                0x0801b4c4      0x120 Thirdparty\Middleware\STM32G0xx\FreeRTOS\Source\tasks.o
                0x0801b4c4                uxTaskGetSystemState
 .text.xTaskIncrementTick
                0x0801b5e4      0x150 Thirdparty\Middleware\STM32G0xx\FreeRTOS\Source\tasks.o
                0x0801b5e4                xTaskIncrementTick
 .text.vTaskSwitchContext
                0x0801b734      0x124 Thirdparty\Middleware\STM32G0xx\FreeRTOS\Source\tasks.o
                0x0801b734                vTaskSwitchContext
 .text.vTaskPlaceOnEventList
                0x0801b858       0x34 Thirdparty\Middleware\STM32G0xx\FreeRTOS\Source\tasks.o
                0x0801b858                vTaskPlaceOnEventList
 .text.vTaskPlaceOnEventListRestricted
                0x0801b88c       0x44 Thirdparty\Middleware\STM32G0xx\FreeRTOS\Source\tasks.o
                0x0801b88c                vTaskPlaceOnEventListRestricted
 .text.xTaskRemoveFromEventList
                0x0801b8d0       0xb0 Thirdparty\Middleware\STM32G0xx\FreeRTOS\Source\tasks.o
                0x0801b8d0                xTaskRemoveFromEventList
 .text.vTaskInternalSetTimeOutState
                0x0801b980       0x28 Thirdparty\Middleware\STM32G0xx\FreeRTOS\Source\tasks.o
                0x0801b980                vTaskInternalSetTimeOutState
 .text.xTaskCheckForTimeOut
                0x0801b9a8       0x8c Thirdparty\Middleware\STM32G0xx\FreeRTOS\Source\tasks.o
                0x0801b9a8                xTaskCheckForTimeOut
 .text.vTaskMissedYield
                0x0801ba34       0x14 Thirdparty\Middleware\STM32G0xx\FreeRTOS\Source\tasks.o
                0x0801ba34                vTaskMissedYield
 .text.prvIdleTask
                0x0801ba48       0x20 Thirdparty\Middleware\STM32G0xx\FreeRTOS\Source\tasks.o
 .text.prvInitialiseTaskLists
                0x0801ba68       0x88 Thirdparty\Middleware\STM32G0xx\FreeRTOS\Source\tasks.o
 .text.prvCheckTasksWaitingTermination
                0x0801baf0       0x5c Thirdparty\Middleware\STM32G0xx\FreeRTOS\Source\tasks.o
 .text.vTaskGetInfo
                0x0801bb4c       0xd8 Thirdparty\Middleware\STM32G0xx\FreeRTOS\Source\tasks.o
                0x0801bb4c                vTaskGetInfo
 .text.prvListTasksWithinSingleList
                0x0801bc24       0xa6 Thirdparty\Middleware\STM32G0xx\FreeRTOS\Source\tasks.o
 .text.prvTaskCheckFreeStackSpace
                0x0801bcca       0x34 Thirdparty\Middleware\STM32G0xx\FreeRTOS\Source\tasks.o
 .text.prvDeleteTCB
                0x0801bcfe       0x22 Thirdparty\Middleware\STM32G0xx\FreeRTOS\Source\tasks.o
 .text.prvResetNextTaskUnblockTime
                0x0801bd20       0x3c Thirdparty\Middleware\STM32G0xx\FreeRTOS\Source\tasks.o
 .text.xTaskGetSchedulerState
                0x0801bd5c       0x38 Thirdparty\Middleware\STM32G0xx\FreeRTOS\Source\tasks.o
                0x0801bd5c                xTaskGetSchedulerState
 .text.xTaskPriorityInherit
                0x0801bd94       0xd0 Thirdparty\Middleware\STM32G0xx\FreeRTOS\Source\tasks.o
                0x0801bd94                xTaskPriorityInherit
 .text.xTaskPriorityDisinherit
                0x0801be64       0x98 Thirdparty\Middleware\STM32G0xx\FreeRTOS\Source\tasks.o
                0x0801be64                xTaskPriorityDisinherit
 .text.vTaskPriorityDisinheritAfterTimeout
                0x0801befc       0xc0 Thirdparty\Middleware\STM32G0xx\FreeRTOS\Source\tasks.o
                0x0801befc                vTaskPriorityDisinheritAfterTimeout
 .text.prvWriteNameToBuffer
                0x0801bfbc       0x52 Thirdparty\Middleware\STM32G0xx\FreeRTOS\Source\tasks.o
 *fill*         0x0801c00e        0x2 
 .text.vTaskList
                0x0801c010      0x14c Thirdparty\Middleware\STM32G0xx\FreeRTOS\Source\tasks.o
                0x0801c010                vTaskList
 .text.vTaskGetRunTimeStats
                0x0801c15c      0x118 Thirdparty\Middleware\STM32G0xx\FreeRTOS\Source\tasks.o
                0x0801c15c                vTaskGetRunTimeStats
 .text.pvTaskIncrementMutexHeldCount
                0x0801c274       0x24 Thirdparty\Middleware\STM32G0xx\FreeRTOS\Source\tasks.o
                0x0801c274                pvTaskIncrementMutexHeldCount
 .text.ulTaskNotifyTake
                0x0801c298       0x84 Thirdparty\Middleware\STM32G0xx\FreeRTOS\Source\tasks.o
                0x0801c298                ulTaskNotifyTake
 .text.xTaskGenericNotify
                0x0801c31c      0x104 Thirdparty\Middleware\STM32G0xx\FreeRTOS\Source\tasks.o
                0x0801c31c                xTaskGenericNotify
 .text.xTaskGenericNotifyFromISR
                0x0801c420      0x140 Thirdparty\Middleware\STM32G0xx\FreeRTOS\Source\tasks.o
                0x0801c420                xTaskGenericNotifyFromISR
 .text.vTaskNotifyGiveFromISR
                0x0801c560       0xd8 Thirdparty\Middleware\STM32G0xx\FreeRTOS\Source\tasks.o
                0x0801c560                vTaskNotifyGiveFromISR
 .text.prvAddCurrentTaskToDelayedList
                0x0801c638       0xa8 Thirdparty\Middleware\STM32G0xx\FreeRTOS\Source\tasks.o
 .text.xTimerCreateTimerTask
                0x0801c6e0       0x4c Thirdparty\Middleware\STM32G0xx\FreeRTOS\Source\timers.o
                0x0801c6e0                xTimerCreateTimerTask
 .text.xTimerCreate
                0x0801c72c       0x46 Thirdparty\Middleware\STM32G0xx\FreeRTOS\Source\timers.o
                0x0801c72c                xTimerCreate
 .text.prvInitialiseNewTimer
                0x0801c772       0x5a Thirdparty\Middleware\STM32G0xx\FreeRTOS\Source\timers.o
 .text.xTimerGenericCommand
                0x0801c7cc       0x8c Thirdparty\Middleware\STM32G0xx\FreeRTOS\Source\timers.o
                0x0801c7cc                xTimerGenericCommand
 .text.prvProcessExpiredTimer
                0x0801c858       0x80 Thirdparty\Middleware\STM32G0xx\FreeRTOS\Source\timers.o
 .text.prvTimerTask
                0x0801c8d8       0x28 Thirdparty\Middleware\STM32G0xx\FreeRTOS\Source\timers.o
 .text.prvProcessTimerOrBlockTask
                0x0801c900       0x90 Thirdparty\Middleware\STM32G0xx\FreeRTOS\Source\timers.o
 .text.prvGetNextExpireTime
                0x0801c990       0x44 Thirdparty\Middleware\STM32G0xx\FreeRTOS\Source\timers.o
 .text.prvSampleTimeNow
                0x0801c9d4       0x40 Thirdparty\Middleware\STM32G0xx\FreeRTOS\Source\timers.o
 .text.prvInsertTimerInActiveList
                0x0801ca14       0x84 Thirdparty\Middleware\STM32G0xx\FreeRTOS\Source\timers.o
 .text.prvProcessReceivedCommands
                0x0801ca98      0x16c Thirdparty\Middleware\STM32G0xx\FreeRTOS\Source\timers.o
 .text.prvSwitchTimerLists
                0x0801cc04       0xb0 Thirdparty\Middleware\STM32G0xx\FreeRTOS\Source\timers.o
 .text.prvCheckForValidListAndQueue
                0x0801ccb4       0x74 Thirdparty\Middleware\STM32G0xx\FreeRTOS\Source\timers.o
 .text.HAL_Init
                0x0801cd28       0x40 Thirdparty\STM32G0xx_HAL_Driver\Src\stm32g0xx_hal.o
                0x0801cd28                HAL_Init
 .text.HAL_InitTick
                0x0801cd68       0x94 Thirdparty\STM32G0xx_HAL_Driver\Src\stm32g0xx_hal.o
                0x0801cd68                HAL_InitTick
 .text.HAL_IncTick
                0x0801cdfc       0x24 Thirdparty\STM32G0xx_HAL_Driver\Src\stm32g0xx_hal.o
                0x0801cdfc                HAL_IncTick
 .text.HAL_GetTick
                0x0801ce20       0x14 Thirdparty\STM32G0xx_HAL_Driver\Src\stm32g0xx_hal.o
                0x0801ce20                HAL_GetTick
 .text.HAL_Delay
                0x0801ce34       0x48 Thirdparty\STM32G0xx_HAL_Driver\Src\stm32g0xx_hal.o
                0x0801ce34                HAL_Delay
 .text.HAL_GetREVID
                0x0801ce7c       0x18 Thirdparty\STM32G0xx_HAL_Driver\Src\stm32g0xx_hal.o
                0x0801ce7c                HAL_GetREVID
 .text.HAL_GetDEVID
                0x0801ce94       0x18 Thirdparty\STM32G0xx_HAL_Driver\Src\stm32g0xx_hal.o
                0x0801ce94                HAL_GetDEVID
 .text.LL_ADC_SetCommonPathInternalCh
                0x0801ceac       0x28 Thirdparty\STM32G0xx_HAL_Driver\Src\stm32g0xx_hal_adc.o
 .text.LL_ADC_GetCommonPathInternalCh
                0x0801ced4       0x1a Thirdparty\STM32G0xx_HAL_Driver\Src\stm32g0xx_hal_adc.o
 .text.LL_ADC_SetSamplingTimeCommonChannels
                0x0801ceee       0x3a Thirdparty\STM32G0xx_HAL_Driver\Src\stm32g0xx_hal_adc.o
 .text.LL_ADC_GetSamplingTimeCommonChannels
                0x0801cf28       0x2e Thirdparty\STM32G0xx_HAL_Driver\Src\stm32g0xx_hal_adc.o
 .text.LL_ADC_REG_IsTriggerSourceSWStart
                0x0801cf56       0x22 Thirdparty\STM32G0xx_HAL_Driver\Src\stm32g0xx_hal_adc.o
 .text.LL_ADC_REG_SetSequencerRanks
                0x0801cf78       0x40 Thirdparty\STM32G0xx_HAL_Driver\Src\stm32g0xx_hal_adc.o
 .text.LL_ADC_REG_SetSequencerChAdd
                0x0801cfb8       0x22 Thirdparty\STM32G0xx_HAL_Driver\Src\stm32g0xx_hal_adc.o
 .text.LL_ADC_REG_SetSequencerChRem
                0x0801cfda       0x24 Thirdparty\STM32G0xx_HAL_Driver\Src\stm32g0xx_hal_adc.o
 *fill*         0x0801cffe        0x2 
 .text.LL_ADC_SetChannelSamplingTime
                0x0801d000       0x38 Thirdparty\STM32G0xx_HAL_Driver\Src\stm32g0xx_hal_adc.o
 .text.LL_ADC_EnableInternalRegulator
                0x0801d038       0x28 Thirdparty\STM32G0xx_HAL_Driver\Src\stm32g0xx_hal_adc.o
 .text.LL_ADC_IsInternalRegulatorEnabled
                0x0801d060       0x28 Thirdparty\STM32G0xx_HAL_Driver\Src\stm32g0xx_hal_adc.o
 .text.LL_ADC_Enable
                0x0801d088       0x24 Thirdparty\STM32G0xx_HAL_Driver\Src\stm32g0xx_hal_adc.o
 .text.LL_ADC_Disable
                0x0801d0ac       0x24 Thirdparty\STM32G0xx_HAL_Driver\Src\stm32g0xx_hal_adc.o
 .text.LL_ADC_IsEnabled
                0x0801d0d0       0x22 Thirdparty\STM32G0xx_HAL_Driver\Src\stm32g0xx_hal_adc.o
 .text.LL_ADC_IsDisableOngoing
                0x0801d0f2       0x22 Thirdparty\STM32G0xx_HAL_Driver\Src\stm32g0xx_hal_adc.o
 .text.LL_ADC_REG_StartConversion
                0x0801d114       0x24 Thirdparty\STM32G0xx_HAL_Driver\Src\stm32g0xx_hal_adc.o
 .text.LL_ADC_REG_StopConversion
                0x0801d138       0x24 Thirdparty\STM32G0xx_HAL_Driver\Src\stm32g0xx_hal_adc.o
 .text.LL_ADC_REG_IsConversionOngoing
                0x0801d15c       0x22 Thirdparty\STM32G0xx_HAL_Driver\Src\stm32g0xx_hal_adc.o
 *fill*         0x0801d17e        0x2 
 .text.HAL_ADC_Init
                0x0801d180      0x350 Thirdparty\STM32G0xx_HAL_Driver\Src\stm32g0xx_hal_adc.o
                0x0801d180                HAL_ADC_Init
 .text.HAL_ADC_Start
                0x0801d4d0       0x9c Thirdparty\STM32G0xx_HAL_Driver\Src\stm32g0xx_hal_adc.o
                0x0801d4d0                HAL_ADC_Start
 .text.HAL_ADC_Stop
                0x0801d56c       0x78 Thirdparty\STM32G0xx_HAL_Driver\Src\stm32g0xx_hal_adc.o
                0x0801d56c                HAL_ADC_Stop
 .text.HAL_ADC_PollForConversion
                0x0801d5e4      0x128 Thirdparty\STM32G0xx_HAL_Driver\Src\stm32g0xx_hal_adc.o
                0x0801d5e4                HAL_ADC_PollForConversion
 .text.HAL_ADC_GetValue
                0x0801d70c       0x16 Thirdparty\STM32G0xx_HAL_Driver\Src\stm32g0xx_hal_adc.o
                0x0801d70c                HAL_ADC_GetValue
 *fill*         0x0801d722        0x2 
 .text.HAL_ADC_ConfigChannel
                0x0801d724      0x3b0 Thirdparty\STM32G0xx_HAL_Driver\Src\stm32g0xx_hal_adc.o
                0x0801d724                HAL_ADC_ConfigChannel
 .text.ADC_ConversionStop
                0x0801dad4       0x84 Thirdparty\STM32G0xx_HAL_Driver\Src\stm32g0xx_hal_adc.o
                0x0801dad4                ADC_ConversionStop
 .text.ADC_Enable
                0x0801db58      0x10c Thirdparty\STM32G0xx_HAL_Driver\Src\stm32g0xx_hal_adc.o
                0x0801db58                ADC_Enable
 .text.ADC_Disable
                0x0801dc64       0xbc Thirdparty\STM32G0xx_HAL_Driver\Src\stm32g0xx_hal_adc.o
                0x0801dc64                ADC_Disable
 .text.__NVIC_EnableIRQ
                0x0801dd20       0x34 Thirdparty\STM32G0xx_HAL_Driver\Src\stm32g0xx_hal_cortex.o
 .text.__NVIC_SetPriority
                0x0801dd54       0xdc Thirdparty\STM32G0xx_HAL_Driver\Src\stm32g0xx_hal_cortex.o
 .text.SysTick_Config
                0x0801de30       0x48 Thirdparty\STM32G0xx_HAL_Driver\Src\stm32g0xx_hal_cortex.o
 .text.HAL_NVIC_SetPriority
                0x0801de78       0x2a Thirdparty\STM32G0xx_HAL_Driver\Src\stm32g0xx_hal_cortex.o
                0x0801de78                HAL_NVIC_SetPriority
 .text.HAL_NVIC_EnableIRQ
                0x0801dea2       0x20 Thirdparty\STM32G0xx_HAL_Driver\Src\stm32g0xx_hal_cortex.o
                0x0801dea2                HAL_NVIC_EnableIRQ
 .text.HAL_SYSTICK_Config
                0x0801dec2       0x1a Thirdparty\STM32G0xx_HAL_Driver\Src\stm32g0xx_hal_cortex.o
                0x0801dec2                HAL_SYSTICK_Config
 .text.HAL_CRC_Init
                0x0801dedc       0xcc Thirdparty\STM32G0xx_HAL_Driver\Src\stm32g0xx_hal_crc.o
                0x0801dedc                HAL_CRC_Init
 .text.HAL_CRC_Accumulate
                0x0801dfa8       0x8e Thirdparty\STM32G0xx_HAL_Driver\Src\stm32g0xx_hal_crc.o
                0x0801dfa8                HAL_CRC_Accumulate
 .text.HAL_CRC_Calculate
                0x0801e036       0x9e Thirdparty\STM32G0xx_HAL_Driver\Src\stm32g0xx_hal_crc.o
                0x0801e036                HAL_CRC_Calculate
 .text.CRC_Handle_8
                0x0801e0d4      0x122 Thirdparty\STM32G0xx_HAL_Driver\Src\stm32g0xx_hal_crc.o
 .text.CRC_Handle_16
                0x0801e1f6       0x6e Thirdparty\STM32G0xx_HAL_Driver\Src\stm32g0xx_hal_crc.o
 .text.HAL_CRCEx_Polynomial_Set
                0x0801e264       0xea Thirdparty\STM32G0xx_HAL_Driver\Src\stm32g0xx_hal_crc_ex.o
                0x0801e264                HAL_CRCEx_Polynomial_Set
 *fill*         0x0801e34e        0x2 
 .text.HAL_DMA_Init
                0x0801e350      0x158 Thirdparty\STM32G0xx_HAL_Driver\Src\stm32g0xx_hal_dma.o
                0x0801e350                HAL_DMA_Init
 .text.HAL_DMA_Start_IT
                0x0801e4a8      0x10c Thirdparty\STM32G0xx_HAL_Driver\Src\stm32g0xx_hal_dma.o
                0x0801e4a8                HAL_DMA_Start_IT
 .text.HAL_DMA_Abort
                0x0801e5b4       0xc0 Thirdparty\STM32G0xx_HAL_Driver\Src\stm32g0xx_hal_dma.o
                0x0801e5b4                HAL_DMA_Abort
 .text.HAL_DMA_Abort_IT
                0x0801e674       0xd0 Thirdparty\STM32G0xx_HAL_Driver\Src\stm32g0xx_hal_dma.o
                0x0801e674                HAL_DMA_Abort_IT
 .text.HAL_DMA_IRQHandler
                0x0801e744      0x188 Thirdparty\STM32G0xx_HAL_Driver\Src\stm32g0xx_hal_dma.o
                0x0801e744                HAL_DMA_IRQHandler
 .text.HAL_DMA_GetError
                0x0801e8cc       0x14 Thirdparty\STM32G0xx_HAL_Driver\Src\stm32g0xx_hal_dma.o
                0x0801e8cc                HAL_DMA_GetError
 .text.DMA_SetConfig
                0x0801e8e0       0x78 Thirdparty\STM32G0xx_HAL_Driver\Src\stm32g0xx_hal_dma.o
 .text.DMA_CalcDMAMUXChannelBaseAndMask
                0x0801e958       0x94 Thirdparty\STM32G0xx_HAL_Driver\Src\stm32g0xx_hal_dma.o
 .text.DMA_CalcDMAMUXRequestGenBaseAndMask
                0x0801e9ec       0x48 Thirdparty\STM32G0xx_HAL_Driver\Src\stm32g0xx_hal_dma.o
 .text.HAL_FLASH_Program
                0x0801ea34       0x9c Thirdparty\STM32G0xx_HAL_Driver\Src\stm32g0xx_hal_flash.o
                0x0801ea34                HAL_FLASH_Program
 .text.HAL_FLASH_Unlock
                0x0801ead0       0x48 Thirdparty\STM32G0xx_HAL_Driver\Src\stm32g0xx_hal_flash.o
                0x0801ead0                HAL_FLASH_Unlock
 .text.HAL_FLASH_Lock
                0x0801eb18       0x44 Thirdparty\STM32G0xx_HAL_Driver\Src\stm32g0xx_hal_flash.o
                0x0801eb18                HAL_FLASH_Lock
 .text.FLASH_WaitForLastOperation
                0x0801eb5c       0x9c Thirdparty\STM32G0xx_HAL_Driver\Src\stm32g0xx_hal_flash.o
                0x0801eb5c                FLASH_WaitForLastOperation
 .text.FLASH_Program_DoubleWord
                0x0801ebf8       0x40 Thirdparty\STM32G0xx_HAL_Driver\Src\stm32g0xx_hal_flash.o
 .text.FLASH_PageErase
                0x0801ec38       0x58 Thirdparty\STM32G0xx_HAL_Driver\Src\stm32g0xx_hal_flash_ex.o
                0x0801ec38                FLASH_PageErase
 .text.HAL_GPIO_Init
                0x0801ec90      0x2d8 Thirdparty\STM32G0xx_HAL_Driver\Src\stm32g0xx_hal_gpio.o
                0x0801ec90                HAL_GPIO_Init
 .text.HAL_GPIO_DeInit
                0x0801ef68      0x1b0 Thirdparty\STM32G0xx_HAL_Driver\Src\stm32g0xx_hal_gpio.o
                0x0801ef68                HAL_GPIO_DeInit
 .text.HAL_GPIO_ReadPin
                0x0801f118       0x3a Thirdparty\STM32G0xx_HAL_Driver\Src\stm32g0xx_hal_gpio.o
                0x0801f118                HAL_GPIO_ReadPin
 .text.HAL_GPIO_WritePin
                0x0801f152       0x3a Thirdparty\STM32G0xx_HAL_Driver\Src\stm32g0xx_hal_gpio.o
                0x0801f152                HAL_GPIO_WritePin
 .text.HAL_GPIO_TogglePin
                0x0801f18c       0x36 Thirdparty\STM32G0xx_HAL_Driver\Src\stm32g0xx_hal_gpio.o
                0x0801f18c                HAL_GPIO_TogglePin
 .text.HAL_MspInit
                0x0801f1c2        0xa Thirdparty\STM32G0xx_HAL_Driver\Src\stm32g0xx_hal_msp_template.o
                0x0801f1c2                HAL_MspInit
 .text.HAL_PWR_EnableWakeUpPin
                0x0801f1cc       0x40 Thirdparty\STM32G0xx_HAL_Driver\Src\stm32g0xx_hal_pwr.o
                0x0801f1cc                HAL_PWR_EnableWakeUpPin
 .text.HAL_PWR_DisableWakeUpPin
                0x0801f20c       0x28 Thirdparty\STM32G0xx_HAL_Driver\Src\stm32g0xx_hal_pwr.o
                0x0801f20c                HAL_PWR_DisableWakeUpPin
 .text.HAL_PWR_EnterSTOPMode
                0x0801f234       0x70 Thirdparty\STM32G0xx_HAL_Driver\Src\stm32g0xx_hal_pwr.o
                0x0801f234                HAL_PWR_EnterSTOPMode
 .text.HAL_PWR_EnterSTANDBYMode
                0x0801f2a4       0x34 Thirdparty\STM32G0xx_HAL_Driver\Src\stm32g0xx_hal_pwr.o
                0x0801f2a4                HAL_PWR_EnterSTANDBYMode
 .text.HAL_PWREx_EnableSRAMRetention
                0x0801f2d8       0x1c Thirdparty\STM32G0xx_HAL_Driver\Src\stm32g0xx_hal_pwr_ex.o
                0x0801f2d8                HAL_PWREx_EnableSRAMRetention
 .text.HAL_PWREx_ControlVoltageScaling
                0x0801f2f4       0x80 Thirdparty\STM32G0xx_HAL_Driver\Src\stm32g0xx_hal_pwr_ex.o
                0x0801f2f4                HAL_PWREx_ControlVoltageScaling
 .text.LL_RCC_GetAPB1Prescaler
                0x0801f374       0x18 Thirdparty\STM32G0xx_HAL_Driver\Src\stm32g0xx_hal_rcc.o
 .text.HAL_RCC_OscConfig
                0x0801f38c      0x6c0 Thirdparty\STM32G0xx_HAL_Driver\Src\stm32g0xx_hal_rcc.o
                0x0801f38c                HAL_RCC_OscConfig
 .text.HAL_RCC_ClockConfig
                0x0801fa4c      0x210 Thirdparty\STM32G0xx_HAL_Driver\Src\stm32g0xx_hal_rcc.o
                0x0801fa4c                HAL_RCC_ClockConfig
 .text.HAL_RCC_GetSysClockFreq
                0x0801fc5c      0x104 Thirdparty\STM32G0xx_HAL_Driver\Src\stm32g0xx_hal_rcc.o
                0x0801fc5c                HAL_RCC_GetSysClockFreq
 .text.HAL_RCC_GetHCLKFreq
                0x0801fd60       0x14 Thirdparty\STM32G0xx_HAL_Driver\Src\stm32g0xx_hal_rcc.o
                0x0801fd60                HAL_RCC_GetHCLKFreq
 .text.HAL_RCC_GetPCLK1Freq
                0x0801fd74       0x2c Thirdparty\STM32G0xx_HAL_Driver\Src\stm32g0xx_hal_rcc.o
                0x0801fd74                HAL_RCC_GetPCLK1Freq
 .text.HAL_RCCEx_PeriphCLKConfig
                0x0801fda0      0x478 Thirdparty\STM32G0xx_HAL_Driver\Src\stm32g0xx_hal_rcc_ex.o
                0x0801fda0                HAL_RCCEx_PeriphCLKConfig
 .text.HAL_RTC_Init
                0x08020218      0x144 Thirdparty\STM32G0xx_HAL_Driver\Src\stm32g0xx_hal_rtc.o
                0x08020218                HAL_RTC_Init
 .text.HAL_RTC_MspInit
                0x0802035c       0x10 Thirdparty\STM32G0xx_HAL_Driver\Src\stm32g0xx_hal_rtc.o
                0x0802035c                HAL_RTC_MspInit
 .text.HAL_RTC_SetTime
                0x0802036c      0x150 Thirdparty\STM32G0xx_HAL_Driver\Src\stm32g0xx_hal_rtc.o
                0x0802036c                HAL_RTC_SetTime
 .text.HAL_RTC_GetTime
                0x080204bc       0xb8 Thirdparty\STM32G0xx_HAL_Driver\Src\stm32g0xx_hal_rtc.o
                0x080204bc                HAL_RTC_GetTime
 .text.HAL_RTC_SetDate
                0x08020574      0x124 Thirdparty\STM32G0xx_HAL_Driver\Src\stm32g0xx_hal_rtc.o
                0x08020574                HAL_RTC_SetDate
 .text.HAL_RTC_GetDate
                0x08020698       0x9c Thirdparty\STM32G0xx_HAL_Driver\Src\stm32g0xx_hal_rtc.o
                0x08020698                HAL_RTC_GetDate
 .text.HAL_RTC_WaitForSynchro
                0x08020734       0x4c Thirdparty\STM32G0xx_HAL_Driver\Src\stm32g0xx_hal_rtc.o
                0x08020734                HAL_RTC_WaitForSynchro
 .text.RTC_EnterInitMode
                0x08020780       0x84 Thirdparty\STM32G0xx_HAL_Driver\Src\stm32g0xx_hal_rtc.o
                0x08020780                RTC_EnterInitMode
 .text.RTC_ExitInitMode
                0x08020804       0x88 Thirdparty\STM32G0xx_HAL_Driver\Src\stm32g0xx_hal_rtc.o
                0x08020804                RTC_ExitInitMode
 .text.RTC_ByteToBcd2
                0x0802088c       0x50 Thirdparty\STM32G0xx_HAL_Driver\Src\stm32g0xx_hal_rtc.o
                0x0802088c                RTC_ByteToBcd2
 .text.RTC_Bcd2ToByte
                0x080208dc       0x3a Thirdparty\STM32G0xx_HAL_Driver\Src\stm32g0xx_hal_rtc.o
                0x080208dc                RTC_Bcd2ToByte
 .text.HAL_RTCEx_BKUPWrite
                0x08020916       0x3a Thirdparty\STM32G0xx_HAL_Driver\Src\stm32g0xx_hal_rtc_ex.o
                0x08020916                HAL_RTCEx_BKUPWrite
 .text.HAL_RTCEx_BKUPRead
                0x08020950       0x36 Thirdparty\STM32G0xx_HAL_Driver\Src\stm32g0xx_hal_rtc_ex.o
                0x08020950                HAL_RTCEx_BKUPRead
 .text.HAL_TIM_Base_Init
                0x08020986       0xb0 Thirdparty\STM32G0xx_HAL_Driver\Src\stm32g0xx_hal_tim.o
                0x08020986                HAL_TIM_Base_Init
 .text.HAL_TIM_Base_MspInit
                0x08020a36       0x10 Thirdparty\STM32G0xx_HAL_Driver\Src\stm32g0xx_hal_tim.o
                0x08020a36                HAL_TIM_Base_MspInit
 *fill*         0x08020a46        0x2 
 .text.HAL_TIM_Base_Start
                0x08020a48       0xb4 Thirdparty\STM32G0xx_HAL_Driver\Src\stm32g0xx_hal_tim.o
                0x08020a48                HAL_TIM_Base_Start
 .text.HAL_TIM_Base_Start_IT
                0x08020afc       0xc4 Thirdparty\STM32G0xx_HAL_Driver\Src\stm32g0xx_hal_tim.o
                0x08020afc                HAL_TIM_Base_Start_IT
 .text.HAL_TIM_IRQHandler
                0x08020bc0      0x210 Thirdparty\STM32G0xx_HAL_Driver\Src\stm32g0xx_hal_tim.o
                0x08020bc0                HAL_TIM_IRQHandler
 .text.HAL_TIM_OC_DelayElapsedCallback
                0x08020dd0       0x10 Thirdparty\STM32G0xx_HAL_Driver\Src\stm32g0xx_hal_tim.o
                0x08020dd0                HAL_TIM_OC_DelayElapsedCallback
 .text.HAL_TIM_IC_CaptureCallback
                0x08020de0       0x10 Thirdparty\STM32G0xx_HAL_Driver\Src\stm32g0xx_hal_tim.o
                0x08020de0                HAL_TIM_IC_CaptureCallback
 .text.HAL_TIM_PWM_PulseFinishedCallback
                0x08020df0       0x10 Thirdparty\STM32G0xx_HAL_Driver\Src\stm32g0xx_hal_tim.o
                0x08020df0                HAL_TIM_PWM_PulseFinishedCallback
 .text.HAL_TIM_TriggerCallback
                0x08020e00       0x10 Thirdparty\STM32G0xx_HAL_Driver\Src\stm32g0xx_hal_tim.o
                0x08020e00                HAL_TIM_TriggerCallback
 .text.TIM_Base_SetConfig
                0x08020e10      0x130 Thirdparty\STM32G0xx_HAL_Driver\Src\stm32g0xx_hal_tim.o
                0x08020e10                TIM_Base_SetConfig
 .text.HAL_TIMEx_MasterConfigSynchronization
                0x08020f40       0xec Thirdparty\STM32G0xx_HAL_Driver\Src\stm32g0xx_hal_tim_ex.o
                0x08020f40                HAL_TIMEx_MasterConfigSynchronization
 .text.HAL_TIMEx_CommutCallback
                0x0802102c       0x10 Thirdparty\STM32G0xx_HAL_Driver\Src\stm32g0xx_hal_tim_ex.o
                0x0802102c                HAL_TIMEx_CommutCallback
 .text.HAL_TIMEx_BreakCallback
                0x0802103c       0x10 Thirdparty\STM32G0xx_HAL_Driver\Src\stm32g0xx_hal_tim_ex.o
                0x0802103c                HAL_TIMEx_BreakCallback
 .text.HAL_TIMEx_Break2Callback
                0x0802104c       0x10 Thirdparty\STM32G0xx_HAL_Driver\Src\stm32g0xx_hal_tim_ex.o
                0x0802104c                HAL_TIMEx_Break2Callback
 .text.HAL_UART_Init
                0x0802105c       0xac Thirdparty\STM32G0xx_HAL_Driver\Src\stm32g0xx_hal_uart.o
                0x0802105c                HAL_UART_Init
 .text.HAL_UART_DeInit
                0x08021108       0x80 Thirdparty\STM32G0xx_HAL_Driver\Src\stm32g0xx_hal_uart.o
                0x08021108                HAL_UART_DeInit
 .text.HAL_UART_MspDeInit
                0x08021188       0x10 Thirdparty\STM32G0xx_HAL_Driver\Src\stm32g0xx_hal_uart.o
                0x08021188                HAL_UART_MspDeInit
 .text.HAL_UART_Transmit
                0x08021198      0x148 Thirdparty\STM32G0xx_HAL_Driver\Src\stm32g0xx_hal_uart.o
                0x08021198                HAL_UART_Transmit
 .text.HAL_UART_Transmit_IT
                0x080212e0      0x150 Thirdparty\STM32G0xx_HAL_Driver\Src\stm32g0xx_hal_uart.o
                0x080212e0                HAL_UART_Transmit_IT
 .text.HAL_UART_Receive_IT
                0x08021430       0xcc Thirdparty\STM32G0xx_HAL_Driver\Src\stm32g0xx_hal_uart.o
                0x08021430                HAL_UART_Receive_IT
 .text.HAL_UART_DMAStop
                0x080214fc      0x128 Thirdparty\STM32G0xx_HAL_Driver\Src\stm32g0xx_hal_uart.o
                0x080214fc                HAL_UART_DMAStop
 .text.HAL_UART_IRQHandler
                0x08021624      0x64c Thirdparty\STM32G0xx_HAL_Driver\Src\stm32g0xx_hal_uart.o
                0x08021624                HAL_UART_IRQHandler
 .text.HAL_UART_RxHalfCpltCallback
                0x08021c70       0x10 Thirdparty\STM32G0xx_HAL_Driver\Src\stm32g0xx_hal_uart.o
                0x08021c70                HAL_UART_RxHalfCpltCallback
 .text.UART_SetConfig
                0x08021c80      0x6ac Thirdparty\STM32G0xx_HAL_Driver\Src\stm32g0xx_hal_uart.o
                0x08021c80                UART_SetConfig
 .text.UART_AdvFeatureConfig
                0x0802232c      0x168 Thirdparty\STM32G0xx_HAL_Driver\Src\stm32g0xx_hal_uart.o
                0x0802232c                UART_AdvFeatureConfig
 .text.UART_CheckIdleState
                0x08022494      0x154 Thirdparty\STM32G0xx_HAL_Driver\Src\stm32g0xx_hal_uart.o
                0x08022494                UART_CheckIdleState
 .text.UART_WaitOnFlagUntilTimeout
                0x080225e8       0xde Thirdparty\STM32G0xx_HAL_Driver\Src\stm32g0xx_hal_uart.o
                0x080225e8                UART_WaitOnFlagUntilTimeout
 *fill*         0x080226c6        0x2 
 .text.UART_Start_Receive_IT
                0x080226c8      0x248 Thirdparty\STM32G0xx_HAL_Driver\Src\stm32g0xx_hal_uart.o
                0x080226c8                UART_Start_Receive_IT
 .text.UART_Start_Receive_DMA
                0x08022910      0x14c Thirdparty\STM32G0xx_HAL_Driver\Src\stm32g0xx_hal_uart.o
                0x08022910                UART_Start_Receive_DMA
 .text.UART_EndTxTransfer
                0x08022a5c       0x80 Thirdparty\STM32G0xx_HAL_Driver\Src\stm32g0xx_hal_uart.o
 .text.UART_EndRxTransfer
                0x08022adc       0xcc Thirdparty\STM32G0xx_HAL_Driver\Src\stm32g0xx_hal_uart.o
 .text.UART_DMAReceiveCplt
                0x08022ba8      0x130 Thirdparty\STM32G0xx_HAL_Driver\Src\stm32g0xx_hal_uart.o
 .text.UART_DMARxHalfCplt